{
  "type": "object",
  "properties": {
    "name": {
      "type": "string"
    },
    "age": {
      "type": "integer"
    },
    "location": {
      "type": "string"
    },
    "bucketListItems": {
      "type": "array",
      "items": {
        "type": "object",
        "properties": {
          "item": {
            "type": "string"
          },
          "description": {
            "type": "string"
          }
        },
        "required": ["item", "description"]
      }
    }
  },
  "required": ["name", "age", "location", "bucketListItems"]
}
