{
  "type": "object",
  "properties": {
    "donor_name": {
      "type": "string"
    },
    "donation_amount": {
      "type": "number"
    },
    "charity_name": {
      "type": "string"
    },
    "donation_date": {
      "type": "string",
      "format": "date"
    }
  },
  "required": ["donor_name", "donation_amount", "charity_name", "donation_date"]
}
