{
  "$schema": "http://json-schema.org/draft-07/schema#",
  "type": "object",
  "properties": {
    "hobbies": {
      "type": "array",
      "items": {
        "type": "object",
        "properties": {
          "name": {"type": "string"},
          "description": {"type": "string"},
          "skillLevel": {
            "type": "string",
            "enum": ["Beginner", "Intermediate", "Advanced", "Expert"]
          },
          "yearsInvolved": {"type": "integer"},
          "relatedEquipment": {
            "type": "array",
            "items": {"type": "string"}
          },
          "funFact": {"type": "string"}
        },
        "required": ["name", "description", "skillLevel"]
      }
    },
    "interests": {
      "type": "array",
      "items": {
        "type": "object",
        "properties": {
          "category": {"type": "string"},
          "topics": {
            "type": "array",
            "items": {"type": "string"}
          },
          "favoriteSources": {
            "type": "array",
            "items": {"type": "string"}
          },
          "quirkyStat": {"type": "string"}
        },
        "required": ["category", "topics"]
      }
    },
    "bucketList": {
      "type": "array",
      "items": {
        "type": "object",
        "properties": {
          "item": {"type": "string"},
          "priority": {
            "type": "integer",
            "minimum": 1,
            "maximum": 10
          },
          "plannedDate": {"type": "string", "format": "date"},
          "whimsicalReason": {"type": "string"}
        },
        "required": ["item", "priority"]
      }
    },
    "quirkyCombos": {
      "type": "array",
      "items": {
        "type": "object",
        "properties": {
          "combo": {"type": "string"},
          "explanation": {"type": "string"}
        },
        "required": ["combo", "explanation"]
      }
    }
  },
  "required": ["hobbies", "interests"]
}
