{
  "type": "object",
  "properties": {
    "name": {
      "type": "string"
    },
    "age": {
      "type": "integer"
    },
    "gender": {
      "type": "string",
      "enum": ["male", "female", "non-binary"]
    },
    "occupation": {
      "type": "string"
    },
    "location": {
      "type": "object",
      "properties": {
        "city": {
          "type": "string"
        },
        "country": {
          "type": "string"
        }
      },
      "required": ["city", "country"]
    },
    "interests": {
      "type": "array",
      "items": {
        "type": "string"
      }
    },
    "favorite_colors": {
      "type": "array",
      "items": {
        "type": "string"
      }
    }
  },
  "required": ["name", "age", "gender", "occupation", "location"]
}
