{
  "$schema": "http://json-schema.org/draft-07/schema#",
  "type": "object",
  "properties": {
    "name": {
      "type": "string"
    },
    "address": {
      "type": "string"
    },
    "city": {
      "type": "string"
    },
    "state": {
      "type": "string"
    },
    "zip_code": {
      "type": "string"
    },
    "country": {
      "type": "string"
    }
  },
  "required": ["name", "address", "city", "state", "zip_code", "country"]
}
