{
  "$schema": "http://json-schema.org/draft-07/schema#",
  "type": "object",
  "properties": {
    "achievements": {
      "type": "array",
      "items": {
        "type": "object",
        "properties": {
          "id": {
            "type": "string"
          },
          "title": {
            "type": "string"
          },
          "description": {
            "type": "string"
          },
          "dateAchieved": {
            "type": "string",
            "format": "date-time"
          },
          "category": {
            "type": "string",
            "enum": ["Personal", "Professional", "Academic", "Athletic", "Creative", "Social", "Quirky"]
          },
          "difficulty": {
            "type": "string",
            "enum": ["Easy", "Medium", "Hard", "Legendary"]
          },
          "relatedSkills": {
            "type": "array",
            "items": {
              "type": "string"
            }
          },
          "proofOfAchievement": {
            "type": "string",
            "format": "uri"
          },
          "reactions": {
            "type": "object",
            "properties": {
              "selfPride": {
                "type": "integer",
                "minimum": 1,
                "maximum": 10
              },
              "familyReaction": {
                "type": "string"
              },
              "friendsReaction": {
                "type": "string"
              }
            },
            "required": ["selfPride"]
          },
          "impact": {
            "type": "string"
          },
          "nextGoal": {
            "type": "string"
          }
        },
        "required": ["id", "title", "description", "dateAchieved", "category"]
      }
    },
    "totalAchievements": {
      "type": "integer"
    },
    "favoriteAchievement": {
      "type": "string"
    },
    "yearWithMostAchievements": {
      "type": "integer"
    },
    "currentStreak": {
      "type": "object",
      "properties": {
        "count": {
          "type": "integer"
        },
        "startDate": {
          "type": "string",
          "format": "date"
        },
        "description": {
          "type": "string"
        }
      },
      "required": ["count", "startDate"]
    }
  },
  "required": ["achievements", "totalAchievements"]
}
