{
  "type": "object",
  "properties": {
    "person_name": {
      "type": "string"
    },
    "affiliations": {
      "type": "array",
      "items": {
        "type": "object",
        "properties": {
          "party": {
            "type": "string"
          },
          "position": {
            "type": "string"
          }
        },
        "required": ["party", "position"]
      }
    }
  },
  "required": ["person_name", "affiliations"]
}
