{
  "$schema": "http://json-schema.org/draft-07/schema#",
  "type": "object",
  "properties": {
    "searches": {
      "type": "array",
      "items": {
        "type": "string"
      }
    },
    "last_search_date": {
      "type": ["string", "null"],
      "format": "date-time"
    }
  },
  "required": ["searches"]
}
