{
  "type": "object",
  "properties": {
    "name": {
      "type": "string"
    },
    "age": {
      "type": "integer"
    },
    "location": {
      "type": "object",
      "properties": {
        "city": {
          "type": "string"
        },
        "country": {
          "type": "string"
        }
      },
      "required": ["city", "country"]
    },
    "smart_devices": {
      "type": "array",
      "items": {
        "type": "object",
        "properties": {
          "device_name": {
            "type": "string"
          },
          "type": {
            "type": "string"
          },
          "status": {
            "type": "string"
          }
        },
        "required": ["device_name", "type", "status"]
      }
    },
    "preferences": {
      "type": "array",
      "items": {
        "type": "string"
      }
    }
  },
  "required": ["name", "age", "location", "smart_devices", "preferences"]
}
