{
  "type": "object",
  "properties": {
    "person_name": {
      "type": "string"
    },
    "date_of_birth": {
      "type": "string",
      "format": "date-time"
    },
    "vaccination_records": {
      "type": "array",
      "items": {
        "type": "object",
        "properties": {
          "vaccine_name": {
            "type": "string"
          },
          "date_administered": {
            "type": "string",
            "format": "date-time"
          },
          "vaccination_location": {
            "type": "string"
          }
        },
        "required": ["vaccine_name", "date_administered", "vaccination_location"]
      }
    }
  },
  "required": ["person_name", "date_of_birth", "vaccination_records"]
}
