{
  "properties": {
    "items": {
      "items": {
        "asCell": true,
        "type": "string"
      },
      "type": "array"
    }
  },
  "required": [
    "items"
  ],
  "type": "object"
}
