{
  "definitions": {
    "Item": {
      "properties": {
        "text": {
          "default": "",
          "type": "string"
        }
      },
      "required": [
        "text"
      ],
      "type": "object"
    },
    "OutputSchemaInterface": {
      "properties": {
        "items": {
          "default": [],
          "items": {
            "$ref": "#/definitions/Item"
          },
          "type": "array"
        },
        "items_count": {
          "type": "number"
        },
        "title": {
          "default": "untitled",
          "type": "string"
        }
      },
      "required": [
        "items",
        "items_count",
        "title"
      ],
      "type": "object"
    }
  },
  "properties": {
    "items": {
      "default": [],
      "items": {
        "$ref": "#/definitions/Item"
      },
      "type": "array"
    },
    "items_count": {
      "type": "number"
    },
    "title": {
      "default": "untitled",
      "type": "string"
    }
  },
  "required": [
    "items",
    "items_count",
    "title"
  ],
  "type": "object"
}
