{
  "properties": {
    "s": {
      "asStream": true,
      "type": "string"
    }
  },
  "required": [
    "s"
  ],
  "type": "object"
}

