{
  "properties": {
    "maybe": {
      "default": null,
      "oneOf": [
        { "type": "null" },
        { "type": "string" }
      ]
    }
  },
  "required": [
    "maybe"
  ],
  "type": "object"
}
