{
  "name": "Elara Evergreen",
  "age": 25,
  "location": "Metropolis",
  "bucketListItems": [
    {
      "item": "Travel to the moon on a rocket ship",
      "description": "Experience weightlessness and marvel at the Earth from above"
    },
    {
      "item": "Discover a hidden underwater city",
      "description": "Explore ancient ruins and encounter mystical sea creatures"
    },
    {
      "item": "Solve a cryptic treasure hunt in an enchanted forest",
      "description": "Follow clues through a magical woodland and unearth hidden riches"
    },
    {
      "item": "Create a dazzling piece of jewelry that captures the essence of starlight",
      "description": "Craft a masterpiece that sparkles and shimmers like the night sky"
    },
    {
      "item": "Uncover the truth behind a mysterious disappearance",
      "description": "Piece together clues and solve a puzzling whodunit"
    }
  ]
}
