{
  "donations": [
    {
      "organization": "Mycelium Network for Urban Resilience",
      "amount": 42.42,
      "currency": "USD",
      "date": "2023-02-29",
      "category": "Environmental",
      "taxDeductible": true,
      "method": "Cryptocurrency",
      "recurring": true,
      "notes": "Supporting underground information superhighways",
      "impact": "Funded 3 square meters of mycelial urban communication network"
    },
    {
      "organization": "Emergent Game Designers Alliance",
      "amount": 101.01,
      "currency": "USD",
      "date": "2023-04-01",
      "category": "Education",
      "taxDeductible": false,
      "method": "Digital Origami Tokens",
      "recurring": false,
      "notes": "Sponsoring the 'Infinite Games' workshop series",
      "impact": "Enabled 5 aspiring game designers to attend the workshop"
    },
    {
      "organization": "Berkeley Backyard Bioluminescence Society",
      "amount": 88.88,
      "currency": "USD",
      "date": "2023-06-21",
      "category": "Science",
      "taxDeductible": true,
      "method": "Firefly-powered Microtransactions",
      "recurring": false,
      "notes": "Summer solstice special donation",
      "impact": "Supported breeding program for rare bioluminescent moss"
    },
    {
      "organization": "Ostrom's Commons Preservation Fund",
      "amount": 137.03,
      "currency": "USD",
      "date": "2023-08-15",
      "category": "Social Sciences",
      "taxDeductible": true,
      "method": "Collaborative Decision-Making Platform",
      "recurring": true,
      "notes": "Monthly contribution to honor Elinor Ostrom's birthday",
      "impact": "Funded research on digital commons governance models"
    },
    {
      "organization": "Paracosm Collective Imagination Initiative",
      "amount": 256.64,
      "currency": "USD",
      "date": "2023-10-31",
      "category": "Arts",
      "taxDeductible": false,
      "method": "Dream Residuals",
      "recurring": false,
      "notes": "Proceeds from selling a particularly vivid shared dream",
      "impact": "Sponsored a month-long residency for an interdimensional artist"
    },
    {
      "organization": "Algorithmic Origami for Social Good",
      "amount": 73.20,
      "currency": "USD",
      "date": "2023-12-12",
      "category": "Technology",
      "taxDeductible": true,
      "method": "Folded Space-Time Transactions",
      "recurring": true,
      "notes": "Supporting the development of self-folding emergency shelters",
      "impact": "Contributed to the creation of 10 prototype shelters"
    },
    {
      "organization": "Jane Jacobs Memorial Sidewalk Ballet Company",
      "amount": 111.11,
      "currency": "USD",
      "date": "2024-02-14",
      "category": "Urban Planning",
      "taxDeductible": true,
      "method": "Pedestrian-Powered Micropayments",
      "recurring": false,
      "notes": "Valentine's Day special: Love for livable cities",
      "impact": "Funded a flash mob performance about urban diversity"
    }
  ],
  "totalDonated": 810.29,
  "favoriteCharity": "Mycelium Network for Urban Resilience",
  "donationGoal": 1024.00,
  "volunteerHours": 42,
  "charityEvents": [
    {
      "eventName": "Berkeley Butterfly Effect Symposium",
      "date": "2023-03-14",
      "role": "Chaos Theory Consultant"
    },
    {
      "eventName": "Collaborative Conjuring for Charity",
      "date": "2023-07-07",
      "role": "Master of Ceremonies"
    },
    {
      "eventName": "Emergent Systems Hackathon",
      "date": "2023-09-23",
      "role": "Pattern Perception Judge"
    },
    {
      "eventName": "Paracosm Commons Game Jam",
      "date": "2023-11-11",
      "role": "Reality-Bending Mentor"
    },
    {
      "eventName": "Convivial Technologies Fair",
      "date": "2024-01-19",
      "role": "Whimsical Wayfinder"
    }
  ]
}
