{
  "creativeWorks": [
    {
      "id": "cw001",
      "title": "The Mycelial Network of Berkeley",
      "type": "story",
      "dateCreated": "2023-03-01T14:30:00Z",
      "lastModified": "2023-03-05T09:15:00Z",
      "description": "A whimsical tale of underground fungal communication in Berkeley",
      "content": "Beneath the quirky streets of Berkeley, a vast network of mycelium pulsed with information. Sarah, a young mycologist, discovered she could tap into this fungal internet...",
      "tags": ["mycology", "urban fantasy", "Berkeley", "networks"],
      "inspiration": "Mom's backyard experiments",
      "mood": "Curious and playful",
      "collaborators": ["Fungi Fanatic Fred"],
      "location": {
        "name": "Tilden Regional Park",
        "coordinates": {
          "latitude": 37.898,
          "longitude": -122.243
        }
      },
      "fileUrl": "https://piperparacosm.com/stories/mycelial-network.txt",
      "thumbnailUrl": "https://piperparacosm.com/thumbnails/mycelial-network.jpg",
      "privateNotes": "Need to fact-check the species of fungi native to Berkeley",
      "isPublic": true,
      "copyrightInfo": "Creative Commons Attribution 4.0",
      "relatedWorks": ["cw007", "cw015"]
    },
    {
      "id": "cw002",
      "title": "Emergent Firefly Patterns",
      "type": "digital_art",
      "dateCreated": "2023-06-21T20:00:00Z",
      "lastModified": "2023-06-22T11:30:00Z",
      "description": "An interactive visualization of firefly swarm behavior",
      "content": "https://piperparacosm.com/art/firefly-patterns.html",
      "tags": ["emergence", "swarm intelligence", "interactive art"],
      "inspiration": "Summer nights in the backyard",
      "mood": "Mesmerized",
      "collaborators": ["Bioluminescent Betty"],
      "location": {
        "name": "Home Studio",
        "coordinates": {
          "latitude": 37.871,
          "longitude": -122.273
        }
      },
      "fileUrl": "https://piperparacosm.com/art/firefly-patterns.html",
      "thumbnailUrl": "https://piperparacosm.com/thumbnails/firefly-patterns.jpg",
      "privateNotes": "Potential for VR adaptation?",
      "isPublic": true,
      "copyrightInfo": "All Rights Reserved",
      "relatedWorks": ["cw008", "cw012"]
    },
    {
      "id": "cw003",
      "title": "Ode to a Quantum Leap Year",
      "type": "poem",
      "dateCreated": "2024-02-29T00:00:01Z",
      "lastModified": "2024-02-29T23:59:59Z",
      "description": "A playful verse about the peculiarities of leap years and quantum mechanics",
      "content": "In years that leap and bounds unfold,\nWhere time's fabric shows a crease,\nSchrodinger's cat, both young and old,\nPonders moments of release...",
      "tags": ["quantum physics", "time", "leap year", "paradox"],
      "inspiration": "My own leap year birthday",
      "mood": "Whimsical and contemplative",
      "collaborators": [],
      "location": {
        "name": "Berkeley Pier",
        "coordinates": {
          "latitude": 37.866,
          "longitude": -122.325
        }
      },
      "fileUrl": "https://piperparacosm.com/poems/quantum-leap-year.txt",
      "thumbnailUrl": "https://piperparacosm.com/thumbnails/quantum-leap-year.jpg",
      "privateNotes": "Recite this at the next Physics department open mic night",
      "isPublic": true,
      "copyrightInfo": "Creative Commons Attribution-NonCommercial 4.0",
      "relatedWorks": ["cw009", "cw014"]
    },
    {
      "id": "cw004",
      "title": "The Daydreamer's Manifesto",
      "type": "other",
      "dateCreated": "2022-11-15T10:00:00Z",
      "lastModified": "2023-01-20T16:45:00Z",
      "description": "A semi-serious document outlining the rights and responsibilities of professional daydreamers",
      "content": "We, the Daydreamers, in order to form a more perfect imagination, establish whimsy, ensure domestic tranquility through flights of fancy...",
      "tags": ["daydreaming", "manifesto", "imagination", "work philosophy"],
      "inspiration": "My brief stint as a professional daydreamer",
      "mood": "Playfully serious",
      "collaborators": ["Reverie Robertson", "Fantasia Fitzgerald"],
      "location": {
        "name": "Cafe Milano",
        "coordinates": {
          "latitude": 37.868,
          "longitude": -122.266
        }
      },
      "fileUrl": "https://piperparacosm.com/manifestos/daydreamers.pdf",
      "thumbnailUrl": "https://piperparacosm.com/thumbnails/daydreamers-manifesto.jpg",
      "privateNotes": "Consider submitting to Journal of Immaterial Science",
      "isPublic": true,
      "copyrightInfo": "Copyleft - All Wrongs Reserved",
      "relatedWorks": ["cw006", "cw011"]
    },
    {
      "id": "cw005",
      "title": "Algorithmic Origami: The Miura-ori Cityscape",
      "type": "sculpture",
      "dateCreated": "2023-09-03T14:00:00Z",
      "lastModified": "2023-09-10T18:30:00Z",
      "description": "A large-scale origami sculpture of a futuristic cityscape, folded based on computer-generated patterns",
      "content": "https://piperparacosm.com/sculptures/miura-ori-cityscape.obj",
      "tags": ["origami", "algorithms", "urban planning", "paper art"],
      "inspiration": "Miura fold and cellular automata",
      "mood": "Focused and meditative",
      "collaborators": ["Ori Gamini"],
      "location": {
        "name": "Berkeley Art Museum",
        "coordinates": {
          "latitude": 37.868,
          "longitude": -122.255
        }
      },
      "fileUrl": "https://piperparacosm.com/sculptures/miura-ori-cityscape.obj",
      "thumbnailUrl": "https://piperparacosm.com/thumbnails/miura-ori-cityscape.jpg",
      "privateNotes": "Next iteration: incorporate responsive lighting",
      "isPublic": true,
      "copyrightInfo": "Creative Commons Attribution-ShareAlike 4.0",
      "relatedWorks": ["cw013", "cw016"]
    },
    {
      "id": "cw006",
      "title": "The Paracosm Commons: A Collective Dreamscape",
      "type": "digital_art",
      "dateCreated": "2023-11-11T09:00:00Z",
      "lastModified": "2023-12-25T17:20:00Z",
      "description": "An evolving, collaborative digital artwork representing a shared imaginary world",
      "content": "https://piperparacosm.com/art/paracosm-commons.html",
      "tags": ["paracosm", "collaborative art", "digital worlds", "emergence"],
      "inspiration": "Elinor Ostrom's work on governing the commons",
      "mood": "Collaborative and imaginative",
      "collaborators": ["Dreamscape Collective", "Virtual Visionaries Anonymous"],
      "location": {
        "name": "Everywhere and Nowhere",
        "coordinates": {
          "latitude": 0,
          "longitude": 0
        }
      },
      "fileUrl": "https://piperparacosm.com/art/paracosm-commons.html",
      "thumbnailUrl": "https://piperparacosm.com/thumbnails/paracosm-commons.jpg",
      "privateNotes": "Implement blockchain for tracking contributions?",
      "isPublic": true,
      "copyrightInfo": "Creative Commons Attribution-NonCommercial-ShareAlike 4.0",
      "relatedWorks": ["cw004", "cw011", "cw017"]
    },
    {
      "id": "cw007",
      "title": "Lichen Chronicles: A Time-Lapse Journey",
      "type": "film",
      "dateCreated": "2023-04-01T08:00:00Z",
      "lastModified": "2023-07-15T23:45:00Z",
      "description": "A mesmerizing time-lapse film documenting the growth and patterns of various lichen species",
      "content": "https://piperparacosm.com/films/lichen-chronicles.mp4",
      "tags": ["lichen", "time-lapse", "patterns in nature", "symbiosis"],
      "inspiration": "Mom's lichen collection",
      "mood": "Patient and observant",
      "collaborators": ["Time-Lapse Tina", "Lichen Larry"],
      "location": {
        "name": "UC Berkeley Botanical Garden",
        "coordinates": {
          "latitude": 37.875,
          "longitude": -122.238
        }
      },
      "fileUrl": "https://piperparacosm.com/films/lichen-chronicles.mp4",
      "thumbnailUrl": "https://piperparacosm.com/thumbnails/lichen-chronicles.jpg",
      "privateNotes": "Potential collaboration with mycology department for sequel",
      "isPublic": true,
      "copyrightInfo": "All Rights Reserved",
      "relatedWorks": ["cw001", "cw015"]
    },
    {
      "id": "cw008",
      "title": "The Butterfly Effect: An Interactive Chaos Theory Simulator",
      "type": "digital_art",
      "dateCreated": "2023-08-05T11:30:00Z",
      "lastModified": "2023-08-20T14:15:00Z",
      "description": "A web-based interactive artwork allowing users to explore the principles of chaos theory",
      "content": "https://piperparacosm.com/art/butterfly-effect-simulator.html",
      "tags": ["chaos theory", "interactive art", "butterfly effect", "complex systems"],
      "inspiration": "Dad's chaos theory lectures",
      "mood": "Curious and exploratory",
      "collaborators": ["Chaos Carl"],
      "location": {
        "name": "Codornices Park",
        "coordinates": {
          "latitude": 37.879,
          "longitude": -122.264
        }
      },
      "fileUrl": "https://piperparacosm.com/art/butterfly-effect-simulator.html",
      "thumbnailUrl": "https://piperparacosm.com/thumbnails/butterfly-effect-simulator.jpg",
      "privateNotes": "Add sound design to enhance user experience",
      "isPublic": true,
      "copyrightInfo": "GNU General Public License v3.0",
      "relatedWorks": ["cw002", "cw012"]
    },
    {
      "id": "cw009",
      "title": "Schr√∂dinger's Bookmark",
      "type": "meme",
      "dateCreated": "2024-01-10T19:45:00Z",
      "lastModified": "2024-01-10T20:00:00Z",
      "description": "A humorous meme about the quantum state of unread books on a to-read list",
      "content": "https://piperparacosm.com/memes/schrodingers-bookmark.jpg",
      "tags": ["quantum physics", "books", "meme", "reading habits"],
      "inspiration": "My ever-growing to-read pile",
      "mood": "Amused and self-deprecating",
      "collaborators": [],
      "location": {
        "name": "Personal Library",
        "coordinates": {
          "latitude": 37.869,
          "longitude": -122.271
        }
      },
      "fileUrl": "https://piperparacosm.com/memes/schrodingers-bookmark.jpg",
      "thumbnailUrl": "https://piperparacosm.com/thumbnails/schrodingers-bookmark.jpg",
      "privateNotes": "Share on quantum physics meme groups",
      "isPublic": true,
      "copyrightInfo": "Public Domain",
      "relatedWorks": ["cw003", "cw014"]
    },
    {
      "id": "cw010",
      "title": "The Turing Pattern Scarf",
      "type": "other",
      "dateCreated": "2023-12-01T10:00:00Z",
      "lastModified": "2023-12-15T16:30:00Z",
      "description": "A hand-knitted scarf featuring patterns generated by a simulation of Turing patterns",
      "content": "https://piperparacosm.com/crafts/turing-pattern-scarf.jpg",
      "tags": ["Turing patterns", "knitting", "generative art", "wearable mathematics"],
      "inspiration": "Alan Turing's work on morphogenesis",
      "mood": "Cozy and intellectual",
      "collaborators": ["Knitting Nora"],
      "location": {
        "name": "Uncommon Threads Yarn Shop",
        "coordinates": {
          "latitude": 37.880,
          "longitude": -122.269
        }
      },
      "fileUrl": "https://piperparacosm.com/crafts/turing-pattern-scarf.jpg",
      "thumbnailUrl": "https://piperparacosm.com/thumbnails/turing-pattern-scarf.jpg",
      "privateNotes": "Consider expanding into a full clothing line",
      "isPublic": true,
      "copyrightInfo": "Creative Commons Attribution-NonCommercial 4.0",
      "relatedWorks": ["cw005", "cw016"]
    },
    {
      "id": "cw011",
      "title": "The Collaborative Conjuring Cookbook",
      "type": "other",
      "dateCreated": "2023-10-31T20:00:00Z",
      "lastModified": "2023-11-30T23:59:59Z",
      "description": "A whimsical guidebook for hosting successful Collaborative Conjuring sessions",
      "content": "https://piperparacosm.com/books/collaborative-conjuring-cookbook.pdf",
      "tags": ["magic", "collaboration", "creativity", "games"],
      "inspiration": "Monthly Collaborative Conjuring sessions",
      "mood": "Playful and mysterious",
      "collaborators": ["Magician Margot", "Trickster Trevor"],
      "location": {
        "name": "The Magic Collective",
        "coordinates": {
          "latitude": 37.867,
          "longitude": -122.258
        }
      },
      "fileUrl": "https://piperparacosm.com/books/collaborative-conjuring-cookbook.pdf",
      "thumbnailUrl": "https://piperparacosm.com/thumbnails/collaborative-conjuring-cookbook.jpg",
      "privateNotes": "Plan a book launch party with live demonstrations",
      "isPublic": true,
      "copyrightInfo
