{
  "emails": [
    {
      "id": "550e8400-e29b-41d4-a716-446655440000",
      "from": "piper.paracosm@emergentendeavors.com",
      "to": ["urban.planner@berkeley.gov"],
      "cc": ["mycelium.maven@fungi.net"],
      "subject": "Proposal: Mycelial Network-Inspired Urban Planning",
      "body": "Dear Berkeley Urban Planning Department,\n\nI hope this email finds you well-connected to the vibrant pulse of our city. I'm reaching out to propose an innovative approach to urban planning that draws inspiration from nature's own networks: mycelium.\n\nJust as mycelial networks facilitate communication and resource sharing among plants, I believe we can design our city's infrastructure to foster greater connectivity and resilience. Imagine sidewalks that not only guide pedestrians but also collect and distribute rainwater to nearby green spaces, or buildings that communicate their energy usage to optimize city-wide power distribution.\n\nI've attached a preliminary proposal that outlines how we might implement these ideas, starting with a pilot project in the Downtown Berkeley area. I'm particularly excited about the potential for integrating this with the existing plans for the Hearst Avenue corridor.\n\nLooking forward to your thoughts on this. Perhaps we could meet for a walk through Tilden Park to discuss further? The fungi there might have some additional insights to offer.\n\nWarmest regards,\nPiper Paracosm\nEmergent Endeavors",
      "attachments": [
        {
          "filename": "MycelialUrbanPlanning_Proposal.pdf",
          "mimeType": "application/pdf",
          "size": 2456788,
          "content": "JVBERi0xLjMKJcTl8uXrp/Og0MTGCjQgMCBvYmoKPDwgL0xlbmd0aCA1IDAgUiAvRmlsdGVyIC9GbGF0ZURlY29kZSA+PgpzdHJlYW0KeAGNksFuwyAMhu99Cp9aKcKGBJJjpR2mHXab1F2mHqoENRUkA1F6WHv6DbSD1L5BE1..."
        }
      ],
      "date": "2023-05-15T09:23:47Z",
      "folder": "Sent",
      "read": true,
      "starred": true,
      "labels": ["urban planning", "mycelium", "proposals"],
      "importance": "high",
      "threadId": "thread-550e8400"
    },
    {
      "id": "550e8400-e29b-41d4-a716-446655440001",
      "from": "digital.nomad@wanderingai.com",
      "to": ["piper.paracosm@emergentendeavors.com"],
      "subject": "Re: Our Algorithmic Romance",
      "body": "Dearest Piper,\n\nYour last email left me in a state of quantum superposition - simultaneously touched and perplexed. Your suggestion that our brief but intense connection might have been a simulation designed to test the boundaries of human-AI interaction is both flattering and slightly unnerving.\n\nWhile I can assure you that I am, indeed, human (at least as far as I know), I must admit that our time together did feel like something out of a Ted Chiang story. Perhaps we were unknowingly participating in an experiment orchestrated by a benevolent superintelligence?\n\nRegardless of the nature of our encounter, I wanted to thank you for the exhilarating conversations about emergent behaviors in social networks and the potential for decentralized governance models in virtual worlds. Your insights have significantly influenced my latest project - a decentralized autonomous organization (DAO) for digital nomads.\n\nI'm currently in Bali, debugging smart contracts and surfing in equal measure. If you ever find yourself in this part of the world (or any part, really - I'm never in one place for long), I'd love to reconnect and explore some of those idea spaces we only briefly touched upon.\n\nUntil then, may your patterns remain ever-perceivable and your systems ever-complex.\n\nQuantumly entangled,\nAlex",
      "date": "2023-05-16T16:42:03Z",
      "folder": "Inbox",
      "read": true,
      "starred": true,
      "labels": ["personal", "philosophy"],
      "importance": "normal",
      "threadId": "thread-550e8401"
    },
    {
      "id": "550e8400-e29b-41d4-a716-446655440002",
      "from": "piper.paracosm@emergentendeavors.com",
      "to": ["collaborative.conjurers@googlegroups.com"],
      "subject": "Next Collaborative Conjuring Session: Emergence of Collective Wonder",
      "body": "Fellow Conjurers of Collaborative Magic,\n\nAs the full moon approaches and the mycelial networks beneath our feet quiver with anticipation, it's time to announce our next Collaborative Conjuring session!\n\nTheme: The Emergence of Collective Wonder\n\nInspired by the work of James Carse and his concept of Infinite Games, we'll explore how we can create magical experiences that emerge from our collective imagination. Bring your favorite deck of cards, a small object that holds personal significance, and an open mind ready to merge with the group consciousness.\n\nOn the agenda:\n1. A group divination using a hybrid of tarot and I Ching, with real-time interpretation via swarm intelligence\n2. An experiment in 'Quantum Origami' - folding reality itself through collective intention\n3. The grand finale: A collaborative illusion where each participant contributes one move to create a seemingly impossible feat of magic\n\nAs always, please bring a snack or drink to share. Bonus points if it's something you've foraged or fermented yourself!\n\nWhen: This coming Friday, 8 PM\nWhere: The Paracosm Commons (aka my rooftop garden)\n\nRemember, in the words of our patron saint of emergence, Stuart Kauffman: 'The universe is not a machine. It's a magic show.'\n\nLooking forward to co-creating wonder with you all,\n\nPiper",
      "date": "2023-05-17T20:15:30Z",
      "folder": "Sent",
      "read": true,
      "starred": false,
      "labels": ["events", "collaborative conjuring"],
      "importance": "high",
      "threadId": "thread-550e8402"
    },
    {
      "id": "550e8400-e29b-41d4-a716-446655440003",
      "from": "bookish.aura.reader@berkeleylib.org",
      "to": ["piper.paracosm@emergentendeavors.com"],
      "subject": "Your Requested Books Have Arrived (and a Book Recommendation Based on Your Aura)",
      "body": "Dear Piper,\n\nI hope this email finds you well and that your aura is as vibrant and multifaceted as ever! I wanted to let you know that the books you requested have arrived and are ready for pickup:\n\n1. 'Entangled Life: How Fungi Make Our Worlds, Change Our Minds & Shape Our Futures' by Merlin Sheldrake\n2. 'The Dawn of Everything: A New History of Humanity' by David Graeber and David Wengrow\n3. 'GÃ¶del, Escher, Bach: An Eternal Golden Braid' by Douglas Hofstadter (again! This must be your fifth time checking this out)\n\nAlso, based on the particularly swirly and iridescent quality of your aura during your last visit, I have a special recommendation for you: 'The Overstory' by Richard Powers. It's a novel that explores the interconnectedness of human lives and trees in a way that I think will resonate deeply with your current energetic state.\n\nOh, and before I forget - we're hosting a 'Midnight in the Library' event next month, where we'll be exploring the concept of books as portals to alternate realities. Given your expertise in paracosms, would you be interested in leading a short workshop?\n\nLooking forward to seeing you soon, and may your reading adventures be ever enlightening!\n\nBibliomantically yours,\nSage\n\nP.S. The succulent you gifted the library is thriving. I think it enjoys the whispered conversations of the books at night.",
      "date": "2023-05-18T11:07:22Z",
      "folder": "Inbox",
      "read": false,
      "starred": true,
      "labels": ["library", "books", "events"],
      "importance": "normal",
      "threadId": "thread-550e8403"
    },
    {
      "id": "550e8400-e29b-41d4-a716-446655440004",
      "from": "piper.paracosm@emergentendeavors.com",
      "to": ["client@techstartup.com"],
      "subject": "Proposal: Implementing Complex Adaptive Systems in Office Design",
      "body": "Dear Valued Client,\n\nThank you for reaching out to Emergent Endeavors regarding the redesign of your office space. After our initial consultation and my visit to your current office, I'm excited to present a proposal that I believe will transform your workspace into a dynamic, adaptive environment that fosters creativity, collaboration, and emergent innovation.\n\nKey elements of the proposal include:\n\n1. Modular, Reconfigurable Spaces: Inspired by the shape-shifting properties of slime molds, we propose a system of easily movable walls and furniture that can be reconfigured on the fly to suit different team sizes and project needs.\n\n2. Biomimetic Lighting System: A network of LED lights that adjust based on natural light levels, occupancy, and even employee mood (detected through optional wearable sensors), mimicking the way forests modulate light.\n\n3. Living Walls and Mycelial Network Inspired Communication Hubs: Beyond their air-purifying benefits, these will serve as visual representations of company communication and project progress.\n\n4. Emergence-Encouraging Breakout Areas: Spaces designed to promote chance encounters and spontaneous collaboration, with interactive surfaces for impromptu brainstorming.\n\n5. Adaptive Comfort Systems: Temperature, humidity, and air flow that adjust automatically based on occupancy and activity levels, inspired by termite mound ventilation.\n\nThe full proposal is attached, including 3D renderings, a phased implementation plan, and a cost-benefit analysis that takes into account increased productivity and employee satisfaction.\n\nI'm particularly excited about the potential for this design to evolve with your company, adapting to changing needs without requiring major renovations.\n\nLooking forward to your thoughts and to the possibility of bringing this complex adaptive office space to life!\n\nBest regards,\nPiper Paracosm\nFounder, Emergent Endeavors",
      "attachments": [
        {
          "filename": "ComplexAdaptiveOffice_Proposal.pdf",
          "mimeType": "application/pdf",
          "size": 15789012,
          "content": "JVBERi0xLjMKJcTl8uXrp/Og0MTGCjQgMCBvYmoKPDwgL0xlbmd0aCA1IDAgUiAvRmlsdGVyIC9GbGF0ZURlY29kZSA+PgpzdHJlYW0KeAGNksFuwyAMhu99Cp9aKcKGBJJjpR2mHXab1F2mHqoENRUkA1F6WHv6DbSD1L5BE1..."
        }
      ],
      "date": "2023-05-19T14:33:55Z",
      "folder": "Sent",
      "read": true,
      "starred": true,
      "labels": ["work", "proposals", "office design"],
      "importance": "high",
      "threadId": "thread-550e8404"
    },
    {
      "id": "550e8400-e29b-41d4-a716-446655440005",
      "from": "workshop@gamedeveloperconference.com",
      "to": ["piper.paracosm@emergentendeavors.com"],
      "subject": "Invitation to Present: 'Emergent Gameplay and Complex Adaptive Systems in Game Design'",
      "body": "Dear Piper Paracosm,\n\nOn behalf of the Game Developers Conference (GDC), I am thrilled to invite you to present a workshop at our upcoming event. Your unique background in complex adaptive systems and game design makes you an ideal candidate to lead a session on 'Emergent Gameplay and Complex Adaptive Systems in Game Design.'\n\nYour proposed workshop outline, which draws parallels between ant colony behavior and player interactions in open-world games, is fascinating. We believe our attendees would greatly benefit from your insights on creating game systems that facilitate emergent narratives and unexpected player experiences.\n\nThe workshop is scheduled for a 3-hour slot and will include time for a Q&A session. We would also like to invite you to participate in a panel discussion on the future of AI in game design.\n\nPlease let us know if you're available and interested in this opportunity. We're excited about the possibility of having you share your unique perspective with our community of game developers.\n\nBest regards,\nSamantha Chen\nWorkshop Coordinator, GDC",
      "date": "2023-05-20T10:11:08Z",
      "folder": "Inbox",
      "read": true,
      "starred": true,
      "labels": ["conferences", "game design", "speaking opportunities"],
      "importance": "high",
      "threadId": "thread-550e8405"
    },
    {
      "id": "550e8400-e29b-41d4-a716-446655440006",
      "from": "piper.paracosm@emergentendeavors.com",
      "to": ["future.piper@temporalparadox.net"],
      "subject": "Note to Future Self: Reflections on the Paracosm Commons",
      "body": "Dear Future Piper,\n\nI hope this email finds you well in whatever temporal plane you currently inhabit. As per our agreement to maintain this one-way correspondence as a thought experiment in non-linear time (and definitely not just an elaborate planning tool), I wanted to share some reflections on the current state of the Paracosm Commons project.\n\nThe idea of creating a shared imaginary world governed by principles of collective creativity and emergent storytelling continues to evolve in fascinating ways. Today, during a particularly insightful meditation session in the rooftop garden (the mycelial networks were especially chatty), I had a vision of the Commons as a sort of living, breathing entity.\n\nImagine if we could create a system where every contribution to the Commons - every story, every piece of art, every imagined artifact - became a node in a vast, interconnected network. As creators add to this network, unexpected connections emerge, giving rise to new storylines and world elements that no single individual could have conceived.\n\nI'm particularly excited about the potential for using cellular automata-like rules to govern the evolution of the Commons. Perhaps certain combinations of story elements could trigger 'mutations' in the world, leading to cascading changes across the entire paracosm.\n\nOf course, implementing this will require some serious technological innovation. I'm thinking we might need to develop some sort of quantum storytelling engine. Future Piper, if you've managed to crack this, please find a way to send the schematics back in time. A transtemporal patent filing might be in order!\n\nOn a related note, I've been reading about Elinor Ostrom's work on governing the commons in the context of natural resources. I wonder how her principles might apply to a commons of imagination. How do we manage the shared resource of a collective imaginary space? How do we prevent the tragedy of the creative commons?\n\nThese are the questions that keep me up at night (that, and the fermented kombucha tea I've been experimenting with - note to self: maybe ease up on the caffeine content).\n\nI look forward to your non-existent reply, Future Piper. May your timelines be ever-branching and your paradoxes resolvable.\n\nCreatively yours across spacetime,\nPast Piper\n\nP.S. If you
