{
  "name": "Elara Evergreen",
  "relationship": "daughter",
  "age": 27
}
