{
  "movies": [
    {
      "title": "Synecdoche, New York",
      "director": "Charlie Kaufman",
      "year": 2008,
      "genre": "Drama",
      "rating": 9.5,
      "personalNote": "A perfect metaphor for my 'Paracosm Commons' project. Life imitating art imitating life!"
    },
    {
      "title": "Koyaanisqatsi",
      "director": "Godfrey Reggio",
      "year": 1982,
      "genre": "Documentary",
      "rating": 9.2,
      "personalNote": "The ultimate visual representation of complex systems in action. Dad's favorite for family movie night!"
    },
    {
      "title": "The Matrix",
      "director": "The Wachowskis",
      "year": 1999,
      "genre": "Sci-Fi",
      "rating": 8.7,
      "personalNote": "Still can't shake the feeling this might be a documentary. Note to self: check for glitches in reality."
    },
    {
      "title": "Primer",
      "director": "Shane Carruth",
      "year": 2004,
      "genre": "Sci-Fi",
      "rating": 9.0,
      "personalNote": "The most accurate depiction of time travel. Or is it? I'll let my future self decide."
    },
    {
      "title": "Inception",
      "director": "Christopher Nolan",
      "year": 2010,
      "genre": "Sci-Fi",
      "rating": 8.8,
      "personalNote": "A masterclass in nested realities. Reminds me of my recursive daydreams."
    },
    {
      "title": "Waking Life",
      "director": "Richard Linklater",
      "year": 2001,
      "genre": "Animation",
      "rating": 9.3,
      "personalNote": "The closest cinema has come to capturing my daily thought processes."
    },
    {
      "title": "The Truman Show",
      "director": "Peter Weir",
      "year": 1998,
      "genre": "Drama",
      "rating": 8.5,
      "personalNote": "A chilling reminder to question the nature of my reality. And to check for hidden cameras."
    },
    {
      "title": "Memento",
      "director": "Christopher Nolan",
      "year": 2000,
      "genre": "Thriller",
      "rating": 8.9,
      "personalNote": "Inspired me to try reverse chronological journaling. Results inconclusive."
    },
    {
      "title": "Eternal Sunshine of the Spotless Mind",
      "director": "Michel Gondry",
      "year": 2004,
      "genre": "Sci-Fi Romance",
      "rating": 9.1,
      "personalNote": "Makes me wonder if my 'cosmic sabbaticals' are just memory wipes. Must investigate."
    },
    {
      "title": "The Fountain",
      "director": "Darren Aronofsky",
      "year": 2006,
      "genre": "Sci-Fi Drama",
      "rating": 8.6,
      "personalNote": "A visual feast of fractals and existential ponderings. Perfect for my next 'Collaborative Conjuring' session."
    }
  ],
  "tvShows": [
    {
      "title": "Devs",
      "creator": "Alex Garland",
      "startYear": 2020,
      "endYear": 2020,
      "genre": "Sci-Fi Thriller",
      "rating": 9.4,
      "favoriteEpisode": "Episode 8",
      "personalNote": "Finally, a show that gets quantum computing and determinism! Must rewatch for clues about the nature of reality."
    },
    {
      "title": "Maniac",
      "creator": "Patrick Somerville",
      "startYear": 2018,
      "endYear": 2018,
      "genre": "Sci-Fi Drama",
      "rating": 8.9,
      "favoriteEpisode": "Option C",
      "personalNote": "Reminds me of my brief stint as a 'professional daydreamer'. Those were the days... or were they?"
    },
    {
      "title": "Dirk Gently's Holistic Detective Agency",
      "creator": "Max Landis",
      "startYear": 2016,
      "endYear": 2017,
      "genre": "Sci-Fi Comedy",
      "rating": 9.2,
      "favoriteEpisode": "Two Broken Fingers",
      "personalNote": "The interconnectedness of all things! Finally, a show that gets me."
    },
    {
      "title": "The OA",
      "creator": "Brit Marling, Zal Batmanglij",
      "startYear": 2016,
      "endYear": 2019,
      "genre": "Sci-Fi Mystery",
      "rating": 9.0,
      "favoriteEpisode": "Overview",
      "personalNote": "Interdimensional travel through interpretive dance? I'm in! Need to practice my movements."
    },
    {
      "title": "Black Mirror",
      "creator": "Charlie Brooker",
      "startYear": 2011,
      "genre": "Sci-Fi Anthology",
      "rating": 8.8,
      "favoriteEpisode": "San Junipero",
      "personalNote": "A chilling glimpse into possible futures. Note to self: be nicer to AI assistants, just in case."
    },
    {
      "title": "Sense8",
      "creator": "The Wachowskis",
      "startYear": 2015,
      "endYear": 2018,
      "genre": "Sci-Fi Drama",
      "rating": 8.7,
      "favoriteEpisode": "I Can't Leave Her",
      "personalNote": "Makes me wonder if my rooftop garden is part of a global sensate cluster."
    },
    {
      "title": "The Good Place",
      "creator": "Michael Schur",
      "startYear": 2016,
      "endYear": 2020,
      "genre": "Fantasy Comedy",
      "rating": 9.3,
      "favoriteEpisode": "The Answer",
      "personalNote": "A delightful exploration of ethics and the afterlife. Chidi is my spirit animal."
    },
    {
      "title": "Westworld",
      "creator": "Jonathan Nolan, Lisa Joy",
      "startYear": 2016,
      "genre": "Sci-Fi Western",
      "rating": 8.6,
      "favoriteEpisode": "The Bicameral Mind",
      "personalNote": "Fascinating exploration of consciousness and free will. Am I in a loop? Must investigate."
    },
    {
      "title": "Russian Doll",
      "creator": "Natasha Lyonne, Leslye Headland, Amy Poehler",
      "startYear": 2019,
      "genre": "Comedy-Drama",
      "rating": 8.9,
      "favoriteEpisode": "The Way Out",
      "personalNote": "Time loops and existential crises? It's like they made a show just for me!"
    },
    {
      "title": "The Midnight Gospel",
      "creator": "Pendleton Ward, Duncan Trussell",
      "startYear": 2020,
      "endYear": 2020,
      "genre": "Animated",
      "rating": 9.1,
      "favoriteEpisode": "Mouse of Silver",
      "personalNote": "Like a visual representation of my podcast feed. Must incorporate into my next 'Collaborative Conjuring' session."
    }
  ],
  "books": [
    {
      "title": "GÃ¶del, Escher, Bach: An Eternal Golden Braid",
      "author": "Douglas Hofstadter",
      "year": 1979,
      "genre": "Cognitive Science",
      "rating": 10,
      "favoriteQuote": "In the end, we self-perceiving, self-inventing, locked-in mirages are little miracles of self-reference.",
      "personalNote": "The book that started it all. My personal bible of strange loops and self-reference."
    },
    {
      "title": "Finite and Infinite Games",
      "author": "James P. Carse",
      "year": 1986,
      "genre": "Philosophy",
      "rating": 9.7,
      "favoriteQuote": "To be prepared against surprise is to be trained. To be prepared for surprise is to be educated.",
      "personalNote": "Life manual? Game rules? Both? Neither? All of the above!"
    },
    {
      "title": "The Peripheral",
      "author": "William Gibson",
      "year": 2014,
      "genre": "Science Fiction",
      "rating": 9.2,
      "favoriteQuote": "The future is there, looking back at us. Trying to make sense of the fiction we will have become.",
      "personalNote": "Reminds me of my journal from the future. Must cross-reference for potential time slips."
    },
    {
      "title": "Braiding Sweetgrass",
      "author": "Robin Wall Kimmerer",
      "year": 2013,
      "genre": "Nature Writing",
      "rating": 9.5,
      "favoriteQuote": "In some Native languages the term for plants translates to 'those who take care of us.'",
      "personalNote": "Beautiful fusion of science and spirituality. Inspired my theory about communicating gardens."
    },
    {
      "title": "The Book of Delights",
      "author": "Ross Gay",
      "year": 2019,
      "genre": "Essays",
      "rating": 9.0,
      "favoriteQuote": "The more you study delight, the more delight there is to study.",
      "personalNote": "A masterclass in finding joy in the mundane. Perfect companion for urban wanderings."
    },
    {
      "title": "The Invention of Nature",
      "author": "Andrea Wulf",
      "year": 2015,
      "genre": "Biography",
      "rating": 9.3,
      "favoriteQuote": "Nature is a living whole... a unity in diversity.",
      "personalNote": "Humboldt: the original systems thinker! Must channel his spirit in my next project."
    },
    {
      "title": "The Glass Bead Game",
      "author": "Hermann Hesse",
      "year": 1943,
      "genre": "Fiction",
      "rating": 9.4,
      "favoriteQuote": "There is truth, my boy. But the doctrine you desire, absolute, perfect dogma that alone provides wisdom, does not exist.",
      "personalNote": "The ultimate game of pattern recognition. Possible blueprint for 'Paracosm Commons'?"
    },
    {
      "title": "Emergent Strategy",
      "author": "adrienne maree brown",
      "year": 2017,
      "genre": "Social Science",
      "rating": 9.6,
      "favoriteQuote": "What we pay attention to grows.",
      "personalNote": "A revolutionary approach to change-making. Must incorporate into 'Emergent Endeavors' consulting."
    },
    {
      "title": "The Order of Time",
      "author": "Carlo Rovelli",
      "year": 2018,
      "genre": "Science",
      "rating": 9.1,
      "favoriteQuote": "Time is ignorance.",
      "personalNote": "Mind-bending exploration of time. Explains why I'm always late to appointments!"
    },
    {
      "title": "The Mushroom at the End of the World",
      "author": "Anna Lowenhaupt Tsing",
      "year": 2015,
      "genre": "Anthropology",
      "rating": 9.2,
      "favoriteQuote": "We are contaminated by our encounters; they change who we are as we make way for others.",
      "personalNote": "Fascinating exploration of resilience and interconnectedness. Mom's favorite, naturally."
    }
  ],
  "music": [
    {
      "title": "Music for Airports",
      "artist": "Brian Eno",
      "album": "Ambient 1: Music for Airports",
      "year": 1978,
      "genre": "Ambient",
      "rating": 9.5,
      "personalNote": "The perfect soundtrack for my 'professional daydreaming' sessions. Also great for actual airports."
    },
    {
      "title": "Lateralus",
      "artist": "Tool",
      "album": "Lateralus",
      "year": 2001,
      "genre": "Progressive Metal",
      "rating": 9.7,
      "personalNote": "Fibonacci sequence in music form. Spiral out, keep going!"
    },
    {
      "title": "Yoshimi Battles the Pink Robots",
      "artist": "The Flaming Lips",
      "album": "Yoshimi Battles the Pink Robots",
      "year": 2002,
      "genre": "Psychedelic Rock",
      "rating": 9.2,
      "personalNote": "My go-to album for battling existential crises and/or rogue AI."
    },
    {
      "title": "Since I Left You",
      "artist": "The Avalanches",
      "album": "Since I Left You",
      "year": 2000,
      "genre": "Electronic",
      "rating": 9.4,
      "personalNote": "A masterpiece of sampling. Inspired my 'algorithmic origami' technique."
    },
    {
      "title": "Vespertine",
      "artist": "BjÃ¶rk",
      "album": "Vespertine",
      "year": 2001,
      "genre": "Experimental",
      "rating": 9.6,
      "personalNote": "Like a sonic representation of my inner world. Perfect for winter walks in Berkeley."
    },
    {
      "title": "Merriweather Post Pavilion",
      "artist": "Animal Collective",
      "album": "Merriweather Post Pavilion",
      "year": 2009,
      "genre": "Experimental Pop",
      "rating": 9.3,
      "personalNote": "Reminds me of the emergent light shows in our backyard. Nostalgia in auditory form."
    },
    {
      "title": "Geogaddi",
      "artist": "Boards of Canada",
      "album": "Geogaddi",
      "year": 2002,
      "genre": "Electronic",
      "rating": 9.5,
      "personalNote": "Eerie, beautiful, and perfect for late-night coding sessions. Might contain hidden messages."
    },
    {
      "title": "Medulla",
      "artist": "BjÃ¶rk",
      "album": "Medulla",
      "year": 2004,
      "genre": "Avant-Garde",
      "rating": 9.1,
      "personalNote": "An entire album made of voices. Inspires me to rethink the boundaries of any medium."
    },
    {
      "title": "The Powers That B",
      "artist": "Death Grips",
      "album": "The Powers That B",
      "year": 2015,
      "genre": "Experimental Hip Hop",
      "rating": 8.9,
      "personalNote": "Chaotic and intense. Like a soundtrack to the collapse of complex systems."
    },
    {
      "title": "Alive 2007",
      "artist": "Daft Punk",
      "album": "Alive 2007",
      "year": 2007,
      "genre": "Electronic",
      "rating": 9.4,
      "personalNote": "The ultimate dance party for robots and humans alike. A celebration of
