{
  "name": "Elara Evergreen",
  "age": 25,
  "hobbies": ["jewelry making", "inventing", "solving mysteries"],
  "interests": ["technology", "fashion", "adventure", "enchanting forests"]
}
