{
  "creations": [
    {
      "title": "The Paracosm Protocol",
      "type": "book",
      "description": "A speculative fiction novel exploring the intersection of urban planning, mycology, and alternate realities.",
      "dateCreated": "2022-02-29",
      "status": "published",
      "collaborators": ["Myra Mycelia", "Ursula Urbanist"],
      "tags": ["speculative fiction", "urban planning", "mycology", "alternate realities"],
      "copyrightInfo": {
        "holder": "Piper Paracosm",
        "year": 2022,
        "registrationNumber": "TX0008934567"
      },
      "monetization": {
        "method": "sale",
        "revenue": 15000,
        "currency": "USD"
      },
      "inspirations": ["Jane Jacobs", "Terence McKenna", "Italo Calvino"],
      "notes": "Written entirely during full moons over the course of a leap year."
    },
    {
      "title": "Emergent Melodies",
      "type": "software",
      "description": "An AI-powered music generation tool that creates unique compositions based on urban soundscapes and fungal growth patterns.",
      "dateCreated": "2023-06-15",
      "status": "completed",
      "collaborators": ["Ada Algorithm", "Funky Fungi Collective"],
      "tags": ["AI", "music generation", "urban sounds", "mycology"],
      "copyrightInfo": {
        "holder": "Emergent Endeavors LLC",
        "year": 2023,
        "registrationNumber": "TXu002145678"
      },
      "patentInfo": {
        "patentNumber": "US20230123456",
        "filingDate": "2023-07-01",
        "issuanceDate": "2024-01-15",
        "expirationDate": "2043-07-01"
      },
      "monetization": {
        "method": "subscription",
        "revenue": 50000,
        "currency": "USD"
      },
      "inspirations": ["Brian Eno", "Pauline Oliveros", "John Cage"],
      "notes": "Beta tested during a series of underground 'mycelial raves'."
    },
    {
      "title": "Firefly Swarm Choreography",
      "type": "artwork",
      "description": "A large-scale light installation using swarm intelligence algorithms to mimic firefly behavior.",
      "dateCreated": "2021-08-21",
      "status": "completed",
      "collaborators": ["Lumi Lightcraft", "Beatrice Bioluminescence"],
      "tags": ["light art", "swarm intelligence", "biomimicry"],
      "copyrightInfo": {
        "holder": "Piper Paracosm",
        "year": 2021,
        "registrationNumber": "VAu001298765"
      },
      "monetization": {
        "method": "licensing",
        "revenue": 30000,
        "currency": "USD"
      },
      "inspirations": ["James Turrell", "TeamLab", "Bruce Sterling"],
      "notes": "Installed in Berkeley's Tilden Park for the summer solstice celebration."
    }
  ],
  "ideas": [
    {
      "title": "Mycelial Internet",
      "description": "A decentralized communication network using fungal networks as a biological infrastructure for data transmission.",
      "dateConceived": "2023-04-01",
      "category": "Technology",
      "potentialUses": [
        "Eco-friendly alternative to traditional internet",
        "Disaster-resistant communication system",
        "Interspecies communication research"
      ],
      "stage": "developing",
      "collaborators": ["Dr. Fauna Funguy", "Techie Treehugger"],
      "inspirations": ["Paul Stamets", "Suzanne Simard", "Donella Meadows"],
      "notes": "Prototype testing scheduled for next year's 'cosmic sabbatical'."
    },
    {
      "title": "Algorithmic Origami City Planning",
      "description": "Using principles of origami and computational geometry to design adaptable, self-organizing urban spaces.",
      "dateConceived": "2022-09-15",
      "category": "Urban Planning",
      "potentialUses": [
        "Dynamic public spaces",
        "Responsive architecture",
        "Efficient resource distribution"
      ],
      "stage": "refined",
      "collaborators": ["Ori Gamisensei", "Ursula Urbanist"],
      "inspirations": ["Christopher Alexander", "Robert J. Lang", "Neri Oxman"],
      "notes": "Potential collaboration with Berkeley's city planning department for a pilot project."
    },
    {
      "title": "Quantum Tarot",
      "description": "A divination system based on quantum mechanics principles, using entangled particles to generate readings.",
      "dateConceived": "2023-02-14",
      "category": "Metaphysics",
      "potentialUses": [
        "Personal growth tool",
        "Quantum randomness generator",
        "Artistic exploration of quantum concepts"
      ],
      "stage": "prototyping",
      "collaborators": ["Dr. Qubit Qurious", "Madame Entanglement"],
      "inspirations": ["David Bohm", "Fritjof Capra", "Alejandro Jodorowsky"],
      "notes": "Currently seeking funding from the Institute of Noetic Sciences."
    }
  ],
  "tradeSecrets": [
    {
      "name": "Collaborative Conjuring Techniques",
      "description": "A set of proprietary methods for facilitating group magic performances that tap into collective consciousness.",
      "dateAcquired": "2020-07-07",
      "value": 100000,
      "currency": "USD",
      "protectionMeasures": [
        "Non-disclosure agreements",
        "Limited access to full methodology",
        "Misdirection and decoy techniques"
      ],
      "authorizedPersonnel": ["Piper Paracosm", "Merlin Mindmeld", "Houdini Hive"],
      "notes": "Partially developed during a lucid dreaming workshop at Esalen Institute."
    },
    {
      "name": "Paracosm Commons Governance Model",
      "description": "A novel system for managing shared imaginary worlds using blockchain and collective intelligence principles.",
      "dateAcquired": "2021-11-11",
      "value": 250000,
      "currency": "USD",
      "protectionMeasures": [
        "Cryptographic encoding",
        "Distributed storage across trusted nodes",
        "Quantum key distribution"
      ],
      "authorizedPersonnel": ["Piper Paracosm", "Blockchain Bob", "Elinor Emergent"],
      "notes": "Inspiration struck during a 48-hour Dungeons & Dragons marathon."
    },
    {
      "name": "Meta-Novelty Search Algorithm",
      "description": "An advanced AI system designed to generate novel problem-solving approaches across multiple domains simultaneously.",
      "dateAcquired": "2023-03-14",
      "value": 500000,
      "currency": "USD",
      "protectionMeasures": [
        "Air-gapped development environment",
        "Homomorphic encryption",
        "Biosignature access controls"
      ],
      "authorizedPersonnel": ["Piper Paracosm", "Ada Algorithm", "Novella Neuron"],
      "notes": "Conceptualized while attempting to solve a Rubik's Cube blindfolded on a unicycle."
    }
  ]
}
