{
  "name": "Elara Evergreen",
  "balance": 50000,
  "holdings": [
    {
      "symbol": "DIAM",
      "quantity": 100,
      "value": 150
    },
    {
      "symbol": "GLIT",
      "quantity": 50,
      "value": 200
    },
    {
      "symbol": "SPARK",
      "quantity": 75,
      "value": 180
    }
  ]
}
