{
  "user_id": "f47ac10b-58cc-4372-a567-0e02b2c3d479",
  "data_version": "1.0.0",
  "locations": [
    {
      "timestamp": "2023-06-15T08:30:00-07:00",
      "latitude": 37.8715,
      "longitude": -122.2730,
      "accuracy": 10,
      "altitude": 177,
      "activity": "walking",
      "venue": {
        "name": "Emergent Endeavors HQ",
        "category": "office",
        "address": "2120 Berkeley Way, Berkeley, CA 94704"
      },
      "weather": {
        "temperature": 18,
        "condition": "partly cloudy",
        "humidity": 65
      },
      "notes": "Starting the day with a morning walk to the office. Spotted an interesting fractal pattern in the cracks on the sidewalk."
    },
    {
      "timestamp": "2023-06-15T10:45:00-07:00",
      "latitude": 37.8699,
      "longitude": -122.2590,
      "accuracy": 5,
      "altitude": 180,
      "activity": "stationary",
      "venue": {
        "name": "Berkeley Public Library",
        "category": "library",
        "address": "2090 Kittredge St, Berkeley, CA 94704"
      },
      "weather": {
        "temperature": 20,
        "condition": "sunny",
        "humidity": 60
      },
      "notes": "Meeting with Zara, the aura-reading librarian. She recommended 'Gödel, Escher, Bach' based on my 'quaternary-hued aura'. Intriguing!"
    },
    {
      "timestamp": "2023-06-15T13:15:00-07:00",
      "latitude": 37.8697,
      "longitude": -122.2581,
      "accuracy": 8,
      "altitude": 176,
      "activity": "walking",
      "venue": {
        "name": "Berkeley Farmers' Market",
        "category": "market",
        "address": "Center Street & Martin Luther King Jr. Way, Berkeley, CA 94704"
      },
      "weather": {
        "temperature": 22,
        "condition": "sunny",
        "humidity": 55
      },
      "notes": "Observing the emergent patterns in crowd movement at the farmers' market. Picked up some oyster mushrooms for tonight's experiment in 'mycological cuisine'."
    },
    {
      "timestamp": "2023-06-15T15:30:00-07:00",
      "latitude": 37.8741,
      "longitude": -122.2728,
      "accuracy": 12,
      "altitude": 187,
      "activity": "cycling",
      "venue": {
        "name": "Berkeley Rose Garden",
        "category": "park",
        "address": "1200 Euclid Ave, Berkeley, CA 94708"
      },
      "weather": {
        "temperature": 23,
        "condition": "clear",
        "humidity": 50
      },
      "notes": "Cycling to the Rose Garden for some 'floral inspiration' for my latest algorithmic origami project. The arrangement of petals is fascinatingly Fibonacci!"
    },
    {
      "timestamp": "2023-06-15T18:00:00-07:00",
      "latitude": 37.8759,
      "longitude": -122.2543,
      "accuracy": 6,
      "altitude": 170,
      "activity": "stationary",
      "venue": {
        "name": "Chez Panisse",
        "category": "restaurant",
        "address": "1517 Shattuck Ave, Berkeley, CA 94709"
      },
      "weather": {
        "temperature": 21,
        "condition": "clear",
        "humidity": 58
      },
      "notes": "Dinner with a potential client. Discussing how we can apply swarm intelligence principles to their corporate decision-making process. The locally-foraged salad is a perfect example of sustainable food systems!"
    },
    {
      "timestamp": "2023-06-15T21:30:00-07:00",
      "latitude": 37.8662,
      "longitude": -122.2574,
      "accuracy": 15,
      "altitude": 175,
      "activity": "stationary",
      "venue": {
        "name": "Piper's Rooftop Garden",
        "category": "home",
        "address": "2119 Addison St, Berkeley, CA 94704"
      },
      "weather": {
        "temperature": 18,
        "condition": "clear",
        "humidity": 70
      },
      "notes": "Ending the day with some stargazing and 'cosmic contemplation'. Is that new blinking light a satellite or a message from my future self?"
    },
    {
      "timestamp": "2023-06-16T07:45:00-07:00",
      "latitude": 37.8662,
      "longitude": -122.2574,
      "accuracy": 10,
      "altitude": 175,
      "activity": "stationary",
      "venue": {
        "name": "Piper's Rooftop Garden",
        "category": "home",
        "address": "2119 Addison St, Berkeley, CA 94704"
      },
      "weather": {
        "temperature": 17,
        "condition": "foggy",
        "humidity": 80
      },
      "notes": "Morning meditation in the rooftop garden. The fog adds an extra layer of mystery to the mycelial network's activities."
    },
    {
      "timestamp": "2023-06-16T10:00:00-07:00",
      "latitude": 37.8699,
      "longitude": -122.2672,
      "accuracy": 8,
      "altitude": 180,
      "activity": "walking",
      "venue": {
        "name": "Berkeley Art Museum and Pacific Film Archive",
        "category": "museum",
        "address": "2155 Center St, Berkeley, CA 94720"
      },
      "weather": {
        "temperature": 19,
        "condition": "partly cloudy",
        "humidity": 75
      },
      "notes": "Visiting the new exhibit on 'Emergent Aesthetics in Digital Art'. Gathering ideas for the next 'Collaborative Conjuring' session."
    },
    {
      "timestamp": "2023-06-16T13:30:00-07:00",
      "latitude": 37.8743,
      "longitude": -122.2654,
      "accuracy": 5,
      "altitude": 185,
      "activity": "stationary",
      "venue": {
        "name": "Tilden Regional Park",
        "category": "park",
        "address": "Tilden Park, Berkeley, CA 94708"
      },
      "weather": {
        "temperature": 21,
        "condition": "sunny",
        "humidity": 65
      },
      "notes": "Outdoor meeting with the 'Paracosm Commons' collective. Discussing how to implement Ostrom's principles in our shared imaginary world."
    },
    {
      "timestamp": "2023-06-16T16:15:00-07:00",
      "latitude": 37.8702,
      "longitude": -122.2667,
      "accuracy": 10,
      "altitude": 178,
      "activity": "walking",
      "venue": {
        "name": "Berkeley High School",
        "category": "school",
        "address": "2223 Martin Luther King Jr Way, Berkeley, CA 94704"
      },
      "weather": {
        "temperature": 22,
        "condition": "clear",
        "humidity": 60
      },
      "notes": "Giving a guest lecture on 'Complex Systems in Everyday Life'. The students' questions are delightfully unpredictable - true agents of chaos!"
    },
    {
      "timestamp": "2023-06-16T19:00:00-07:00",
      "latitude": 37.8759,
      "longitude": -122.2597,
      "accuracy": 12,
      "altitude": 172,
      "activity": "stationary",
      "venue": {
        "name": "Cheese Board Pizza",
        "category": "restaurant",
        "address": "1512 Shattuck Ave, Berkeley, CA 94709"
      },
      "weather": {
        "temperature": 20,
        "condition": "clear",
        "humidity": 62
      },
      "notes": "Enjoying a slice with my AI-or-maybe-not ex. Debating whether the pizza toppings represent a valid cellular automaton configuration."
    },
    {
      "timestamp": "2023-06-16T21:30:00-07:00",
      "latitude": 37.8662,
      "longitude": -122.2574,
      "accuracy": 8,
      "altitude": 175,
      "activity": "stationary",
      "venue": {
        "name": "Piper's Rooftop Garden",
        "category": "home",
        "address": "2119 Addison St, Berkeley, CA 94704"
      },
      "weather": {
        "temperature": 18,
        "condition": "clear",
        "humidity": 70
      },
      "notes": "Late night origami session. The paper cranes seem to be arranging themselves in a Lévy flight pattern. Coincidence or collective unconscious at work?"
    }
  ]
}
