{
  "username": "EnigmaticElara",
  "password": "Wonderland123",
  "email": "enigmaticevara@metropolis.com"
}
