{
  "passwords": [
    {
      "service": "EmergentEndeavors",
      "username": "piper.paracosm",
      "password": "Myce1ium_N3tw0rk!",
      "lastChanged": "2023-02-29T14:23:42Z",
      "strength": "strong",
      "notes": "Company portal login",
      "funFact": "This password is based on the hidden networks beneath our feet!"
    },
    {
      "service": "BerkeleyUrbanForest",
      "username": "rooftop_gardener",
      "password": "Tr33WhispererX9",
      "lastChanged": "2022-11-11T09:15:00Z",
      "strength": "medium",
      "notes": "For tracking my contributions to the city's green spaces",
      "funFact": "Did you know trees can communicate through their roots?"
    },
    {
      "service": "ComplexSystemsHub",
      "username": "piper_patterns",
      "password": "Em3rgent_B3havi0r_2024!",
      "lastChanged": "2023-04-01T00:00:01Z",
      "strength": "strong",
      "notes": "Academic research portal",
      "funFact": "This password changes itself based on a cellular automaton rule!"
    },
    {
      "service": "QuantumLeapDating",
      "username": "leap_year_lover",
      "password": "Schr0ding3rsCupid<3",
      "lastChanged": "2024-02-29T14:23:42Z",
      "strength": "medium",
      "notes": "Only active every four years",
      "funFact": "This password is simultaneously taken and available until observed"
    },
    {
      "service": "MycelialMessenger",
      "username": "fungal_network_node",
      "password": "Sp0r3Sp3ak_2023",
      "lastChanged": "2023-09-21T22:39:00Z",
      "strength": "strong",
      "notes": "Encrypted communication app",
      "funFact": "This password is distributed across a network of mushrooms"
    },
    {
      "service": "AlgorithmicOrigami",
      "username": "fold_and_function",
      "password": "Cr3as3_Patt3rn_0x1F",
      "lastChanged": "2023-06-15T17:30:00Z",
      "strength": "strong",
      "notes": "Online origami community",
      "funFact": "This password unfolds into a paper crane when properly decoded"
    },
    {
      "service": "ParacosmCommons",
      "username": "collective_dreamer",
      "password": "Im@gine_T0geth3r_2023!",
      "lastChanged": "2023-03-14T15:92:65Z",
      "strength": "strong",
      "notes": "Shared world-building platform",
      "funFact": "This password is collaboratively generated by all users' brainwaves"
    },
    {
      "service": "ChaoticWeatherWatch",
      "username": "butterfly_effect",
      "password": "Loren2_@ttr@ctor",
      "lastChanged": "2023-05-12T13:13:13Z",
      "strength": "medium",
      "notes": "Tracking weather patterns for dad's chaos theory research",
      "funFact": "This password causes minor fluctuations in local weather patterns"
    },
    {
      "service": "FireflySwarmSim",
      "username": "bioluminescent_beta",
      "password": "Synch_Flash_2023!",
      "lastChanged": "2023-07-01T21:00:00Z",
      "strength": "strong",
      "notes": "Simulating emergent firefly behaviors",
      "funFact": "The characters in this password light up in sequence like real fireflies"
    },
    {
      "service": "UrbanComplexity",
      "username": "jane_jacobs_disciple",
      "password": "S1deW@lk_B@llet_24/7",
      "lastChanged": "2023-08-03T11:11:11Z",
      "strength": "strong",
      "notes": "City planning and urban theory forum",
      "funFact": "This password gets stronger the more people are around to use it"
    },
    {
      "service": "InfiniteGameTheory",
      "username": "carse_player",
      "password": "N0_Winn1ng_0nly_P1ay",
      "lastChanged": "2023-01-01T00:00:01Z",
      "strength": "strong",
      "notes": "Exploring the boundaries of finite and infinite games",
      "funFact": "This password has no end condition; it keeps evolving forever"
    },
    {
      "service": "AntAlgorithms",
      "username": "pheromone_follower",
      "password": "Stigm3rgy_Tr@il_2023",
      "lastChanged": "2023-04-10T09:23:45Z",
      "strength": "strong",
      "notes": "Ant colony optimization research",
      "funFact": "This password leaves a digital pheromone trail for added security"
    },
    {
      "service": "MetaNoveltySearch",
      "username": "infinite_innovator",
      "password": "N3w_1dea_Gener8or!",
      "lastChanged": "2023-10-01T03:14:15Z",
      "strength": "strong",
      "notes": "Experimental creativity platform",
      "funFact": "This password generates a new, even more secure password every time it's used"
    },
    {
      "service": "SucculentSOS",
      "username": "cactus_whisperer",
      "password": "Pl3ase_D0nt_Di3_2023",
      "lastChanged": "2023-11-30T18:19:20Z",
      "strength": "medium",
      "notes": "Desperate attempts to keep plants alive",
      "funFact": "This password gets weaker every time a plant dies"
    },
    {
      "service": "TimeLoopJournal",
      "username": "future_piper",
      "password": "Wh3n_1s_N0w?_2525",
      "lastChanged": "2025-03-14T15:92:65Z",
      "strength": "unbreakable",
      "notes": "Encrypted journal from the future",
      "funFact": "This password exists in a quantum superposition of all possible passwords"
    }
  ],
  "passwordPolicy": {
    "minLength": 12,
    "requireUppercase": true,
    "requireLowercase": true,
    "requireNumbers": true,
    "requireSpecialChars": true,
    "maxAge": 180
  },
  "securityQuestions": [
    {
      "question": "What's the name of the mycelial network in your backyard?",
      "answer": "FungalFriendshipWeb",
      "hint": "It's not just a network, it's a community!"
    },
    {
      "question": "In which non-existent year did you first time travel?",
      "answer": "2059",
      "hint": "It hasn't happened yet, or has it?"
    },
    {
      "question": "What's the title of the book you're writing but haven't started yet?",
      "answer": "SchrÃ¶dinger's Manuscript",
      "hint": "It both exists and doesn't exist"
    },
    {
      "question": "What's the name of your favorite fractal?",
      "answer": "Julia's Mandelbrot",
      "hint": "A mathematical love story"
    },
    {
      "question": "What's the frequency of the hivemind?",
      "answer": "42 Hz",
      "hint": "The answer to life, the universe, and everything"
    }
  ],
  "twoFactorMethods": [
    "authenticator app",
    "security key",
    "carrier pigeon",
    "telepathy"
  ],
  "passwordManager": "Quantum Keychain",
  "lastPasswordAudit": "2023-12-21T23:59:59Z",
  "funPasswordFacts": [
    "Piper's passwords are stored in a quantum state, simultaneously secure and insecure until observed.",
    "Every password contains a hidden haiku about complex systems.",
    "Piper's password strength is measured in 'butterfly effects' rather than bits.",
    "Each password is also a seed for generating a unique virtual reality landscape.",
    "Piper's passwords evolve over time based on her browsing history and dream journal entries.",
    "The collective entropy of all passwords is used to power a small, hypothetical universe.",
    "Each password, when properly visualized, forms a different Mandelbrot set.",
    "Piper's passwords are actually sentient and have formed their own micro-society.",
    "The passwordManager, 'Quantum Keychain', exists in multiple parallel universes simultaneously.",
    "Piper's two-factor authentication sometimes involves solving a complex systems theory puzzle."
  ]
}
