{
  "name": "Elara Evergreen",
  "age": 28,
  "gender": "female",
  "interests": ["technology", "jewelry making", "puzzles", "adventures"],
  "favorite_color": "sparkly",
  "favorite_food": "stardust cupcakes"
}
