{
  "achievements": [
    {
      "id": "ACH001",
      "title": "Mycological Marvel",
      "description": "Successfully cultivated a bioluminescent mushroom garden that responds to music, creating mesmerizing light shows.",
      "dateAchieved": "2018-06-15T20:30:00Z",
      "category": "Creative",
      "difficulty": "Hard",
      "relatedSkills": ["Mycology", "Botany", "Sound Engineering"],
      "proofOfAchievement": "https://piperparacosm.com/glowing-garden",
      "reactions": {
        "selfPride": 9,
        "familyReaction": "Mom cried tears of joy, Dad theorized about fungal intelligence",
        "friendsReaction": "Organized a midnight rave in the garden"
      },
      "impact": "Inspired a local artist collective to create bio-art installations",
      "nextGoal": "Develop a mushroom-based communication network for plants"
    },
    {
      "id": "ACH002",
      "title": "Emergent Endeavors Expansion",
      "description": "Scaled consulting firm to handle projects for three Fortune 500 companies, applying complex systems thinking to corporate structures.",
      "dateAchieved": "2020-11-30T14:45:00Z",
      "category": "Professional",
      "difficulty": "Legendary",
      "relatedSkills": ["Systems Thinking", "Consulting", "Business Development"],
      "proofOfAchievement": "https://emergentendeavorsinc.com/case-studies",
      "reactions": {
        "selfPride": 10,
        "familyReaction": "Dad started using chaos theory to predict stock markets",
        "friendsReaction": "Threw a 'Complexity Carnival' celebration"
      },
      "impact": "Revolutionized approach to organizational design in tech industry",
      "nextGoal": "Write a book on applying CAS to business strategy"
    },
    {
      "id": "ACH003",
      "title": "Algorithmic Origami Exhibition",
      "description": "Hosted a gallery showing of 100 intricate origami sculptures, each based on a unique algorithmic pattern.",
      "dateAchieved": "2019-08-22T18:00:00Z",
      "category": "Creative",
      "difficulty": "Medium",
      "relatedSkills": ["Origami", "Algorithm Design", "Visual Arts"],
      "proofOfAchievement": "https://berkeleygallery.com/piper-paracosm-folded-fractals",
      "reactions": {
        "selfPride": 8,
        "familyReaction": "Parents debated whether it was art or mathematics",
        "friendsReaction": "Started an 'Algorithmic Art' meetup group"
      },
      "impact": "Sparked local interest in computational art",
      "nextGoal": "Collaborate with a roboticist to create an origami-folding machine"
    },
    {
      "id": "ACH004",
      "title": "Paracosm Commons Launch",
      "description": "Created an online platform for collaborative worldbuilding, governed by Ostrom's principles for managing commons.",
      "dateAchieved": "2021-03-14T09:00:00Z",
      "category": "Professional",
      "difficulty": "Hard",
      "relatedSkills": ["Game Design", "Community Management", "Governance Models"],
      "proofOfAchievement": "https://www.paracosmcommons.net",
      "reactions": {
        "selfPride": 9,
        "familyReaction": "Mom started a fungal faction in-game",
        "friendsReaction": "Organized a 24-hour worldbuilding hackathon"
      },
      "impact": "Attracted 10,000 active users in first month, studying emergent narrative patterns",
      "nextGoal": "Implement AI-driven NPCs to enhance world dynamism"
    },
    {
      "id": "ACH005",
      "title": "TEDx Talk: 'The City as a Complex Adaptive System'",
      "description": "Delivered a talk relating urban planning principles to ant colony behavior and neural networks.",
      "dateAchieved": "2022-09-10T15:30:00Z",
      "category": "Professional",
      "difficulty": "Medium",
      "relatedSkills": ["Public Speaking", "Urban Planning", "Complex Systems"],
      "proofOfAchievement": "https://www.ted.com/talks/piper_paracosm_city_as_complex_adaptive_system",
      "reactions": {
        "selfPride": 7,
        "familyReaction": "Dad fact-checked every analogy, mom cheered loudly",
        "friendsReaction": "Created a drinking game based on complexity jargon"
      },
      "impact": "Invited to consult on 'smart city' project in Singapore",
      "nextGoal": "Develop a university course on bio-inspired urban design"
    },
    {
      "id": "ACH006",
      "title": "Firefly Swarm Synchronization",
      "description": "Successfully coordinated a swarm of 10,000 LED 'fireflies' to synchronize their flashing using only local interactions.",
      "dateAchieved": "2017-07-04T21:00:00Z",
      "category": "Creative",
      "difficulty": "Hard",
      "relatedSkills": ["Swarm Intelligence", "Electronics", "Event Planning"],
      "proofOfAchievement": "https://www.youtube.com/watch?v=firefly_swarm_sync",
      "reactions": {
        "selfPride": 9,
        "familyReaction": "Parents used it as a case study in their respective fields",
        "friendsReaction": "Annual 'Synchronicity Festival' established"
      },
      "impact": "Commissioned to create similar installations for music festivals",
      "nextGoal": "Develop a swarm-based traffic management system"
    },
    {
      "id": "ACH007",
      "title": "Published in 'Nature': Mycelial Internet",
      "description": "Co-authored a paper on using fungal networks for low-power, biodegradable data transmission in forests.",
      "dateAchieved": "2023-02-28T12:00:00Z",
      "category": "Academic",
      "difficulty": "Legendary",
      "relatedSkills": ["Mycology", "Network Theory", "Scientific Writing"],
      "proofOfAchievement": "https://nature.com/articles/s41586-023-05653-0",
      "reactions": {
        "selfPride": 10,
        "familyReaction": "Mom framed the paper, Dad calculated the odds of this happening",
        "friendsReaction": "Organized a mushroom-themed science pub quiz"
      },
      "impact": "Sparked interest in 'biotic internet' research",
      "nextGoal": "Secure funding for a large-scale forest network experiment"
    },
    {
      "id": "ACH008",
      "title": "Meta-Novelty Search Algorithm",
      "description": "Developed an AI system that generates novel problem-solving strategies, applying the concept of 'novelty search' to itself.",
      "dateAchieved": "2022-11-11T16:20:00Z",
      "category": "Professional",
      "difficulty": "Legendary",
      "relatedSkills": ["Machine Learning", "Evolutionary Computation", "Creative Problem Solving"],
      "proofOfAchievement": "https://github.com/piperparacosm/meta-novelty-search",
      "reactions": {
        "selfPride": 9,
        "familyReaction": "Parents argued whether it was more 'Piper' or more 'AI'",
        "friendsReaction": "Hosted an 'Idea-thon' using the algorithm"
      },
      "impact": "Algorithm adopted by several tech companies for R&D processes",
      "nextGoal": "Apply meta-novelty search to generate new forms of governance"
    },
    {
      "id": "ACH009",
      "title": "Succulent Savior",
      "description": "Finally mastered the art of keeping succulents alive, cultivating a thriving rooftop garden of 50+ species.",
      "dateAchieved": "2020-05-12T10:00:00Z",
      "category": "Personal",
      "difficulty": "Hard",
      "relatedSkills": ["Botany", "Patience", "Microclimate Management"],
      "proofOfAchievement": "https://instagram.com/pipers_succulent_paradise",
      "reactions": {
        "selfPride": 8,
        "familyReaction": "Mom checked for signs of fungal assistance",
        "friendsReaction": "Surprise 'plant parenthood' baby shower"
      },
      "impact": "Rooftop became a popular spot for friends' meditation sessions",
      "nextGoal": "Develop an AI-powered plant care app"
    },
    {
      "id": "ACH010",
      "title": "Collaborative Conjuring World Record",
      "description": "Led a group of 100 people in a simultaneous magic trick, setting a world record for largest collaborative illusion.",
      "dateAchieved": "2021-10-31T20:00:00Z",
      "category": "Quirky",
      "difficulty": "Medium",
      "relatedSkills": ["Magic", "Event Coordination", "Group Psychology"],
      "proofOfAchievement": "https://www.guinnessworldrecords.com/world-records/largest-collaborative-magic-trick",
      "reactions": {
        "selfPride": 7,
        "familyReaction": "Parents tried to explain it with quantum entanglement",
        "friendsReaction": "Insisted on calling Piper 'The Grand Conjuror' for a month"
      },
      "impact": "Sparked interest in 'social magic' as a team-building exercise",
      "nextGoal": "Develop a course on 'The Mathematics of Magic'"
    }
  ],
  "totalAchievements": 10,
  "favoriteAchievement": "ACH007",
  "yearWithMostAchievements": 2022,
  "currentStreak": {
    "count": 3,
    "startDate": "2023-01-01",
    "description": "Consecutive months with at least one publication or patent filing"
  }
}
