{
  "person_name": "Elara Evergreen",
  "affiliations": [
    {
      "party": "Secret Society of Sleuths",
      "position": "Amateur Detective"
    },
    {
      "party": "Cosmic Cat Cafe",
      "position": "Regular Patron"
    },
    {
      "party": "Jewel Queen of Metropolis",
      "position": "Jewelry Maker"
    }
  ]
}
