{
  "reservations": [
    {
      "id": "f47ac10b-58cc-4372-a567-0e02b2c3d479",
      "type": "restaurant",
      "name": "Chez Mycelium",
      "date": "2023-06-21T19:30:00Z",
      "location": {
        "address": "1234 Funghi Lane",
        "city": "Berkeley",
        "country": "USA",
        "coordinates": {
          "latitude": 37.8715,
          "longitude": -122.2730
        }
      },
      "participants": ["Piper Paracosm", "Aura-Reading Librarian"],
      "specialRequests": ["Mushroom-based tasting menu", "Lichen-infused cocktails"],
      "confirmationNumber": "MUSH123456",
      "status": "confirmed",
      "notes": "Celebrating the summer solstice and the debut of my new mycelial communication theory",
      "price": {
        "amount": 150.00,
        "currency": "USD"
      },
      "linkedEvents": ["e47ac10b-58cc-4372-a567-0e02b2c3d480"]
    },
    {
      "id": "e47ac10b-58cc-4372-a567-0e02b2c3d480",
      "type": "event",
      "name": "Emergent Light Show in the Berkeley Hills",
      "date": "2023-06-21T21:30:00Z",
      "location": {
        "address": "Grizzly Peak Boulevard",
        "city": "Berkeley",
        "country": "USA",
        "coordinates": {
          "latitude": 37.8919,
          "longitude": -122.2486
        }
      },
      "participants": ["Piper Paracosm", "Aura-Reading Librarian", "Local Firefly Swarm"],
      "specialRequests": ["Bring own bioluminescent algae"],
      "confirmationNumber": "FIRE789012",
      "status": "confirmed",
      "notes": "Don't forget to bring the chaos theory-inspired firefly attractor!",
      "price": {
        "amount": 0,
        "currency": "USD"
      },
      "linkedEvents": ["f47ac10b-58cc-4372-a567-0e02b2c3d479"]
    },
    {
      "id": "d47ac10b-58cc-4372-a567-0e02b2c3d481",
      "type": "flight",
      "name": "Quantum Airways QA1234",
      "date": "2024-02-29T08:00:00Z",
      "location": {
        "address": "Oakland International Airport",
        "city": "Oakland",
        "country": "USA",
        "coordinates": {
          "latitude": 37.7214,
          "longitude": -122.2208
        }
      },
      "participants": ["Piper Paracosm"],
      "specialRequests": ["Window seat for observing cloud patterns", "Vegetarian meal"],
      "confirmationNumber": "QNTM987654",
      "status": "confirmed",
      "notes": "Beginning of the quadrennial 'cosmic sabbatical'. Destination: Undisclosed alternate reality",
      "price": {
        "amount": 999.99,
        "currency": "USD"
      },
      "linkedEvents": []
    },
    {
      "id": "c47ac10b-58cc-4372-a567-0e02b2c3d482",
      "type": "event",
      "name": "Collaborative Conjuring Session",
      "date": "2023-07-15T19:00:00Z",
      "location": {
        "address": "2468 Pattern Perceiver's Place",
        "city": "Berkeley",
        "country": "USA",
        "coordinates": {
          "latitude": 37.8708,
          "longitude": -122.2729
        }
      },
      "participants": ["Piper Paracosm", "Aura-Reading Librarian", "Digital Nomad AI", "Local Chaos Theorists"],
      "specialRequests": ["Bring your own deck of emergent phenomena-inspired tarot cards"],
      "confirmationNumber": "CONJ314159",
      "status": "confirmed",
      "notes": "Theme: Exploring the intersection of collaborative agency and sleight-of-hand tricks",
      "price": {
        "amount": 0,
        "currency": "USD"
      },
      "linkedEvents": []
    },
    {
      "id": "b47ac10b-58cc-4372-a567-0e02b2c3d483",
      "type": "restaurant",
      "name": "The Infinite Game Caf√©",
      "date": "2023-08-01T12:30:00Z",
      "location": {
        "address": "42 Carse Street",
        "city": "Berkeley",
        "country": "USA",
        "coordinates": {
          "latitude": 37.8685,
          "longitude": -122.2590
        }
      },
      "participants": ["Piper Paracosm", "Potential Emergent Endeavors Client"],
      "specialRequests": ["Table with a view of the ever-changing chalkboard menu"],
      "confirmationNumber": "INFG424242",
      "status": "confirmed",
      "notes": "Business lunch to discuss applying complex adaptive systems thinking to office layout design",
      "price": {
        "amount": 75.00,
        "currency": "USD"
      },
      "linkedEvents": []
    },
    {
      "id": "a47ac10b-58cc-4372-a567-0e02b2c3d484",
      "type": "spa",
      "name": "Ostrom's Oasis",
      "date": "2023-09-10T14:00:00Z",
      "location": {
        "address": "1776 Commons Way",
        "city": "Berkeley",
        "country": "USA",
        "coordinates": {
          "latitude": 37.8674,
          "longitude": -122.2590
        }
      },
      "participants": ["Piper Paracosm"],
      "specialRequests": ["Use of communally governed hot springs", "Mycelium face mask"],
      "confirmationNumber": "CMNS161803",
      "status": "confirmed",
      "notes": "Relaxation and brainstorming session for the Paracosm Commons project",
      "price": {
        "amount": 120.00,
        "currency": "USD"
      },
      "linkedEvents": []
    },
    {
      "id": "947ac10b-58cc-4372-a567-0e02b2c3d485",
      "type": "event",
      "name": "Berkeley Emergence Festival",
      "date": "2023-10-20T10:00:00Z",
      "location": {
        "address": "Berkeley Marina",
        "city": "Berkeley",
        "country": "USA",
        "coordinates": {
          "latitude": 37.8639,
          "longitude": -122.3117
        }
      },
      "participants": ["Piper Paracosm", "Entire Emergent Endeavors Team", "Local Complex Systems Enthusiasts"],
      "specialRequests": ["Booth for demonstrating urban planning simulations", "Space for algorithmic origami workshop"],
      "confirmationNumber": "EMRG271828",
      "status": "confirmed",
      "notes": "Don't forget to bring the swarm intelligence demonstration kit!",
      "price": {
        "amount": 250.00,
        "currency": "USD"
      },
      "linkedEvents": []
    },
    {
      "id": "847ac10b-58cc-4372-a567-0e02b2c3d486",
      "type": "hotel",
      "name": "The Parachian Paradox Inn",
      "date": "2023-11-11T15:00:00Z",
      "location": {
        "address": "3141 Chiang Circle",
        "city": "San Francisco",
        "country": "USA",
        "coordinates": {
          "latitude": 37.7749,
          "longitude": -122.4194
        }
      },
      "participants": ["Piper Paracosm"],
      "specialRequests": ["Room with the best view of urban patterns", "Access to rooftop garden"],
      "confirmationNumber": "PARA592653",
      "status": "confirmed",
      "notes": "Weekend getaway to work on the 'Exhalation'-inspired future self journal",
      "price": {
        "amount": 450.00,
        "currency": "USD"
      },
      "linkedEvents": []
    },
    {
      "id": "747ac10b-58cc-4372-a567-0e02b2c3d487",
      "type": "event",
      "name": "Succulents Anonymous Meeting",
      "date": "2023-12-05T18:30:00Z",
      "location": {
        "address": "1123 Fibonacci Fern Street",
        "city": "Berkeley",
        "country": "USA",
        "coordinates": {
          "latitude": 37.8715,
          "longitude": -122.2730
        }
      },
      "participants": ["Piper Paracosm", "Fellow Succulent Enthusiasts"],
      "specialRequests": ["Bring your most resilient succulent for show-and-tell"],
      "confirmationNumber": "SUCC112358",
      "status": "confirmed",
      "notes": "Topic of the day: Applying complex adaptive systems thinking to succulent care",
      "price": {
        "amount": 5.00,
        "currency": "USD"
      },
      "linkedEvents": []
    },
    {
      "id": "647ac10b-58cc-4372-a567-0e02b2c3d488",
      "type": "other",
      "name": "Generative Systems Lab Timeslot",
      "date": "2024-01-15T09:00:00Z",
      "location": {
        "address": "2178 Alexander's Way",
        "city": "Berkeley",
        "country": "USA",
        "coordinates": {
          "latitude": 37.8691,
          "longitude": -122.2580
        }
      },
      "participants": ["Piper Paracosm"],
      "specialRequests": ["Access to quantum computing resources", "Whiteboard space for pattern languages"],
      "confirmationNumber": "GNRT101010",
      "status": "pending",
      "notes": "Experimenting with the 'generative system for generating generative systems'",
      "price": {
        "amount": 500.00,
        "currency": "USD"
      },
      "linkedEvents": []
    }
  ]
}
