{
  "user_id": "piper_paracosm_1984",
  "sleep_records": [
    {
      "date": "2023-06-01",
      "sleep_start": "23:42",
      "sleep_end": "07:13",
      "duration": 7.52,
      "quality": 8,
      "dream_log": "Dreamt of a city where buildings grew like mushrooms, interconnected by glowing mycelial networks.",
      "interruptions": [
        {
          "time": "03:15",
          "reason": "Sudden epiphany about pattern languages in urban planning",
          "duration": 12
        }
      ],
      "sleep_environment": {
        "temperature": 20.5,
        "noise_level": "quiet",
        "light_level": "dark",
        "bed_partner": "none"
      },
      "pre_sleep_activities": [
        "Reading 'Thinking in Systems' by Donella Meadows",
        "Practicing algorithmic origami",
        "Watering rooftop garden"
      ],
      "sleep_aid_used": false,
      "sleep_aid_type": null,
      "mood_before_sleep": "excited",
      "mood_after_waking": "energetic"
    },
    {
      "date": "2023-06-02",
      "sleep_start": "00:13",
      "sleep_end": "06:45",
      "duration": 6.53,
      "quality": 6,
      "dream_log": "Vivid dream about hosting a TED talk on the secret life of lichen in an amphitheater made entirely of origami.",
      "interruptions": [
        {
          "time": "02:30",
          "reason": "Noise from neighbor's late-night chaos theory experiment",
          "duration": 20
        },
        {
          "time": "04:45",
          "reason": "Sudden urge to jot down ideas for 'meta-novelty search'",
          "duration": 15
        }
      ],
      "sleep_environment": {
        "temperature": 21,
        "noise_level": "moderate",
        "light_level": "dim",
        "bed_partner": "none"
      },
      "pre_sleep_activities": [
        "Collaborative Conjuring session with friends",
        "Updating 'future self' journal",
        "Meditating on Elinor Ostrom's principles"
      ],
      "sleep_aid_used": true,
      "sleep_aid_type": "Chamomile tea infused with home-grown reishi mushrooms",
      "mood_before_sleep": "content",
      "mood_after_waking": "groggy"
    },
    {
      "date": "2023-06-03",
      "sleep_start": "23:55",
      "sleep_end": "07:30",
      "duration": 7.58,
      "quality": 9,
      "dream_log": "Dreamt of facilitating a round-table discussion between ants, bees, and city planners about emergent behavior in urban environments.",
      "interruptions": [],
      "sleep_environment": {
        "temperature": 20,
        "noise_level": "quiet",
        "light_level": "dark",
        "bed_partner": "none"
      },
      "pre_sleep_activities": [
        "Designing a new agent-based model for firefly synchronization",
        "Rearranging bookshelf according to a complex adaptive system algorithm",
        "Stargazing and pondering non-linear time"
      ],
      "sleep_aid_used": false,
      "sleep_aid_type": null,
      "mood_before_sleep": "content",
      "mood_after_waking": "refreshed"
    },
    {
      "date": "2023-06-04",
      "sleep_start": "01:20",
      "sleep_end": "08:15",
      "duration": 6.92,
      "quality": 7,
      "dream_log": "Surreal dream about navigating a Borgesian library where books rearranged themselves based on the reader's thoughts.",
      "interruptions": [
        {
          "time": "04:30",
          "reason": "Woken by an idea for a 'generative system for generating generative systems'",
          "duration": 25
        }
      ],
      "sleep_environment": {
        "temperature": 22,
        "noise_level": "quiet",
        "light_level": "dark",
        "bed_partner": "none"
      },
      "pre_sleep_activities": [
        "Attending a virtual lecture on mycorrhizal networks",
        "Experimenting with lucid dreaming techniques",
        "Writing a speculative essay on the future of urban foraging"
      ],
      "sleep_aid_used": true,
      "sleep_aid_type": "Binaural beats playlist",
      "mood_before_sleep": "excited",
      "mood_after_waking": "energetic"
    },
    {
      "date": "2023-06-05",
      "sleep_start": "00:45",
      "sleep_end": "07:00",
      "duration": 6.25,
      "quality": 6,
      "dream_log": "Peculiar dream about debugging a sentient city's neural network while riding a giant, bioluminescent slug.",
      "interruptions": [
        {
          "time": "03:15",
          "reason": "Sudden inspiration for a new collaborative storytelling platform",
          "duration": 30
        },
        {
          "time": "05:45",
          "reason": "Noise from early morning garbage truck",
          "duration": 10
        }
      ],
      "sleep_environment": {
        "temperature": 21.5,
        "noise_level": "moderate",
        "light_level": "dim",
        "bed_partner": "none"
      },
      "pre_sleep_activities": [
        "Brainstorming session for 'Emergent Endeavors' consulting project",
        "Tending to the rooftop garden's nocturnal plants",
        "Rereading favorite passages from 'Finite and Infinite Games'"
      ],
      "sleep_aid_used": false,
      "sleep_aid_type": null,
      "mood_before_sleep": "anxious",
      "mood_after_waking": "tired"
    }
  ],
  "sleep_goals": {
    "target_sleep_duration": 7.5,
    "target_bedtime": "23:30",
    "target_wake_time": "07:00"
  },
  "sleep_trends": {
    "average_duration": 6.96,
    "average_quality": 7.2,
    "most_common_interruption": "Sudden inspiration or ideas",
    "best_sleep_environment": {
      "temperature": 20,
      "noise_level": "quiet",
      "light_level": "dark"
    }
  }
}
