{
  "subscriptions": [
    {
      "id": "f47ac10b-58cc-4372-a567-0e02b2c3d479",
      "name": "Mycelial Musings Monthly",
      "category": "news",
      "provider": "Fungal Frontiers Press",
      "cost": {
        "amount": 9.99,
        "currency": "USD",
        "frequency": "monthly"
      },
      "startDate": "2022-03-14",
      "nextBillingDate": "2023-06-14",
      "status": "active",
      "features": [
        "Exclusive interviews with leading mycologists",
        "Mushroom identification guides",
        "Mycelial network mapping tools"
      ],
      "usageStats": {
        "lastUsed": "2023-05-28T09:23:14Z",
        "frequencyOfUse": "weekly",
        "totalTimeSpent": 1834
      },
      "notes": "Mom's birthday gift. Great for backyard experiments!",
      "tags": ["mushrooms", "ecology", "gardening"]
    },
    {
      "id": "3b241101-e2bb-4255-8caf-4136c566a962",
      "name": "Emergent Systems Simulator",
      "category": "software",
      "provider": "ComplexiTech Solutions",
      "cost": {
        "amount": 49.99,
        "currency": "USD",
        "frequency": "monthly"
      },
      "startDate": "2021-11-01",
      "nextBillingDate": "2023-06-01",
      "status": "active",
      "features": [
        "Agent-based modeling",
        "Cellular automata simulations",
        "Network analysis tools"
      ],
      "usageStats": {
        "lastUsed": "2023-05-30T14:45:22Z",
        "frequencyOfUse": "daily",
        "totalTimeSpent": 12480
      },
      "notes": "Essential for Emergent Endeavors projects. Consider upgrading to pro plan.",
      "tags": ["complexity", "simulation", "work"]
    },
    {
      "id": "7f6dd6d7-9c6f-4b26-9894-7e94f3e2f290",
      "name": "Urban Patterns Quarterly",
      "category": "education",
      "provider": "Jane Jacobs Institute",
      "cost": {
        "amount": 35.00,
        "currency": "USD",
        "frequency": "yearly"
      },
      "startDate": "2020-09-15",
      "nextBillingDate": "2023-09-15",
      "status": "active",
      "features": [
        "Case studies on successful urban designs",
        "Virtual city planning workshops",
        "Access to archive of past issues"
      ],
      "usageStats": {
        "lastUsed": "2023-05-25T18:30:00Z",
        "frequencyOfUse": "monthly",
        "totalTimeSpent": 3600
      },
      "notes": "Great resource for understanding Berkeley's urban dynamics",
      "tags": ["urban planning", "architecture", "community"]
    },
    {
      "id": "9e7b2291-3bff-43b9-9241-6a7f352e68d1",
      "name": "Origami Algorithm Generator",
      "category": "lifestyle",
      "provider": "FoldedFractal Studios",
      "cost": {
        "amount": 4.99,
        "currency": "USD",
        "frequency": "monthly"
      },
      "startDate": "2023-01-01",
      "nextBillingDate": "2023-06-01",
      "status": "active",
      "features": [
        "Daily unique folding patterns",
        "AR folding guide",
        "Community pattern sharing"
      ],
      "usageStats": {
        "lastUsed": "2023-05-29T22:15:37Z",
        "frequencyOfUse": "daily",
        "totalTimeSpent": 5400
      },
      "notes": "Perfect for algorithmic origami sessions. Remember to share creations!",
      "tags": ["origami", "algorithms", "creativity"]
    },
    {
      "id": "c5f7d8a3-4bd7-4f1d-8d6c-9e88d4b3b7f0",
      "name": "Paracosm Commons Worldbuilding Suite",
      "category": "gaming",
      "provider": "CollectiveImagination Inc.",
      "cost": {
        "amount": 15.99,
        "currency": "USD",
        "frequency": "monthly"
      },
      "startDate": "2022-07-01",
      "nextBillingDate": "2023-06-01",
      "status": "active",
      "features": [
        "Collaborative story mapping",
        "Procedural world generation",
        "Character relationship visualizer"
      ],
      "usageStats": {
        "lastUsed": "2023-05-30T20:10:45Z",
        "frequencyOfUse": "weekly",
        "totalTimeSpent": 9000
      },
      "notes": "Essential for Paracosm Commons project. Invite more friends!",
      "tags": ["storytelling", "collaboration", "worldbuilding"]
    },
    {
      "id": "2a7f6d39-e845-4fe7-aa12-3c5c9e69d264",
      "name": "Firefly Swarm Simulator",
      "category": "education",
      "provider": "BioluminaryTech",
      "cost": {
        "amount": 2.99,
        "currency": "USD",
        "frequency": "monthly"
      },
      "startDate": "2023-04-15",
      "nextBillingDate": "2023-06-15",
      "status": "active",
      "features": [
        "Custom swarm behavior programming",
        "Virtual firefly breeding",
        "Bioluminescence pattern designer"
      ],
      "usageStats": {
        "lastUsed": "2023-05-27T21:30:00Z",
        "frequencyOfUse": "weekly",
        "totalTimeSpent": 720
      },
      "notes": "For summer backyard light shows. Share patterns with Dad!",
      "tags": ["nature", "programming", "light"]
    },
    {
      "id": "f9b2c1a0-8e7d-4f3b-b6a5-2c1d3e4f5a6b",
      "name": "Infinite Games Strategist",
      "category": "education",
      "provider": "CarsianDynamics",
      "cost": {
        "amount": 19.99,
        "currency": "USD",
        "frequency": "monthly"
      },
      "startDate": "2022-12-01",
      "nextBillingDate": "2023-06-01",
      "status": "active",
      "features": [
        "Infinite game scenario generator",
        "Collaborative strategy workshops",
        "Finite to infinite game converter"
      ],
      "usageStats": {
        "lastUsed": "2023-05-29T16:45:00Z",
        "frequencyOfUse": "weekly",
        "totalTimeSpent": 3600
      },
      "notes": "Great for reframing client problems. Use more in consultations.",
      "tags": ["game theory", "strategy", "philosophy"]
    },
    {
      "id": "d1e2f3a4-b5c6-4d7e-8f9g-0h1i2j3k4l5m",
      "name": "Chaos Theory Cookbook",
      "category": "lifestyle",
      "provider": "FractalFlavors",
      "cost": {
        "amount": 7.99,
        "currency": "USD",
        "frequency": "monthly"
      },
      "startDate": "2023-02-14",
      "nextBillingDate": "2023-06-14",
      "status": "active",
      "features": [
        "Daily chaotic recipes",
        "Ingredient substitution randomizer",
        "Culinary butterfly effect simulator"
      ],
      "usageStats": {
        "lastUsed": "2023-05-30T19:20:00Z",
        "frequencyOfUse": "weekly",
        "totalTimeSpent": 1800
      },
      "notes": "Dad's recommendation. Makes for interesting dinner parties!",
      "tags": ["cooking", "chaos theory", "randomness"]
    },
    {
      "id": "a1b2c3d4-e5f6-4a5b-9c7d-8e9f0a1b2c3d",
      "name": "Berkeley Soundscape Synthesizer",
      "category": "lifestyle",
      "provider": "UrbanAudioLabs",
      "cost": {
        "amount": 3.99,
        "currency": "USD",
        "frequency": "monthly"
      },
      "startDate": "2023-03-21",
      "nextBillingDate": "2023-06-21",
      "status": "active",
      "features": [
        "Real-time city sound mixing",
        "Ambient noise generator",
        "Personal soundscape creator"
      ],
      "usageStats": {
        "lastUsed": "2023-05-30T08:15:00Z",
        "frequencyOfUse": "daily",
        "totalTimeSpent": 4500
      },
      "notes": "Perfect for workday focus. Try new North Berkeley mix.",
      "tags": ["audio", "productivity", "urban life"]
    },
    {
      "id": "e1f2g3h4-i5j6-7k8l-9m0n-o1p2q3r4s5t6",
      "name": "Quantum Daydream Generator",
      "category": "lifestyle",
      "provider": "SchroedingerSoftware",
      "cost": {
        "amount": 0.99,
        "currency": "USD",
        "frequency": "monthly"
      },
      "startDate": "2023-04-01",
      "nextBillingDate": "2023-06-01",
      "status": "active",
      "features": [
        "Superposition scenario creator",
        "Entangled narrative weaver",
        "Quantum inspirational prompts"
      ],
      "usageStats": {
        "lastUsed": "2023-05-29T14:30:00Z",
        "frequencyOfUse": "daily",
        "totalTimeSpent": 3600
      },
      "notes": "For professional daydreaming. Great for creative blocks!",
      "tags": ["creativity", "quantum physics", "meditation"]
    }
  ],
  "totalMonthlySpend": 141.90,
  "mostUsedCategory": "lifestyle",
  "leastUsedSubscription": "Urban Patterns Quarterly"
}
