{
  "todos": [
    {
      "id": "7f9e4c1a-3b7d-4bad-9bdd-2b0d7b3dcb6d",
      "title": "Develop 'Mycelial Networking' app",
      "description": "Create an app that visualizes the theoretical connections between rooftop gardens across Berkeley via underground mycelial networks.",
      "status": "in_progress",
      "priority": 4,
      "dueDate": "2023-09-01T23:59:59Z",
      "tags": ["technology", "mycology", "urban ecology"],
      "location": {
        "name": "Emergent Endeavors HQ",
        "coordinates": {
          "latitude": 37.8715,
          "longitude": -122.2730
        }
      },
      "reminderTime": "2023-08-25T09:00:00Z",
      "subtasks": [
        {
          "id": "a1b2c3d4-e5f6-4a5b-8c7d-9e0f1a2b3c4d",
          "title": "Research mycelial communication patterns",
          "completed": true
        },
        {
          "id": "b2c3d4e5-f6a7-5b6c-9d0e-1f2a3b4c5d6e",
          "title": "Design app UI with biomorphic patterns",
          "completed": false
        },
        {
          "id": "c3d4e5f6-a7b8-6c7d-0e1f-2a3b4c5d6e7f",
          "title": "Integrate with Berkeley's open data on green spaces",
          "completed": false
        }
      ],
      "created": "2023-07-15T14:23:11Z",
      "lastModified": "2023-08-01T10:17:22Z"
    },
    {
      "id": "2a3b4c5d-6e7f-8g9h-0i1j-2k3l4m5n6o7p",
      "title": "Plan next 'Collaborative Conjuring' session",
      "description": "Organize the monthly gathering exploring the intersection of collaborative agency and sleight-of-hand tricks.",
      "status": "pending",
      "priority": 3,
      "dueDate": "2023-08-15T20:00:00Z",
      "tags": ["social", "magic", "collaboration"],
      "location": {
        "name": "Piper's Wonderland Apartment",
        "coordinates": {
          "latitude": 37.8711,
          "longitude": -122.2727
        }
      },
      "reminderTime": "2023-08-14T18:00:00Z",
      "subtasks": [
        {
          "id": "d4e5f6a7-b8c9-7d0e-1f2a-3b4c5d6e7f8g",
          "title": "Invite diverse group of creatives and systems thinkers",
          "completed": true
        },
        {
          "id": "e5f6a7b8-c9d0-8e1f-2a3b-4c5d6e7f8g9h",
          "title": "Prepare 'emergent narrative' card deck",
          "completed": false
        },
        {
          "id": "f6a7b8c9-d0e1-9f2a-3b4c-5d6e7f8g9h0i",
          "title": "Set up 'convivial magic' props and atmosphere",
          "completed": false
        }
      ],
      "created": "2023-07-20T09:45:33Z",
      "lastModified": "2023-08-02T16:30:47Z"
    },
    {
      "id": "3b4c5d6e-7f8g-9h0i-1j2k-3l4m5n6o7p8q",
      "title": "Write chapter on 'Algorithmic Origami' for upcoming book",
      "description": "Compose a chapter detailing the intersection of computational thinking and paper folding for the book 'Patterns Unfolded: A Journey Through Generative Creativity'.",
      "status": "in_progress",
      "priority": 5,
      "dueDate": "2023-10-31T23:59:59Z",
      "tags": ["writing", "origami", "algorithms"],
      "location": {
        "name": "Berkeley Public Library",
        "coordinates": {
          "latitude": 37.8703,
          "longitude": -122.2729
        }
      },
      "reminderTime": "2023-10-15T10:00:00Z",
      "subtasks": [
        {
          "id": "g7h8i9j0-k1l2-0m3n-4o5p-6q7r8s9t0u1v",
          "title": "Research history of computational origami",
          "completed": true
        },
        {
          "id": "h8i9j0k1-l2m3-1n4o-5p6q-7r8s9t0u1v2w",
          "title": "Develop new origami patterns based on cellular automata",
          "completed": false
        },
        {
          "id": "i9j0k1l2-m3n4-2o5p-6q7r-8s9t0u1v2w3x",
          "title": "Write section on 'folding' as a metaphor for problem-solving",
          "completed": false
        }
      ],
      "created": "2023-06-01T11:11:11Z",
      "lastModified": "2023-08-03T14:22:33Z"
    },
    {
      "id": "4c5d6e7f-8g9h-0i1j-2k3l-4m5n6o7p8q9r",
      "title": "Tend to rooftop garden 'ecosystem'",
      "description": "Maintain and observe the rooftop garden, paying special attention to potential 'communication' patterns between plants.",
      "status": "recurring",
      "priority": 2,
      "dueDate": "2023-08-07T18:00:00Z",
      "tags": ["gardening", "ecology", "observation"],
      "location": {
        "name": "Piper's Rooftop Garden",
        "coordinates": {
          "latitude": 37.8711,
          "longitude": -122.2727
        }
      },
      "reminderTime": "2023-08-07T17:00:00Z",
      "subtasks": [
        {
          "id": "j0k1l2m3-n4o5-3p6q-7r8s-9t0u1v2w3x4y",
          "title": "Water plants using 'Fibonacci sequence' method",
          "completed": false
        },
        {
          "id": "k1l2m3n4-o5p6-4q7r-8s9t-0u1v2w3x4y5z",
          "title": "Document any unusual growth patterns or 'plant behaviors'",
          "completed": false
        },
        {
          "id": "l2m3n4o5-p6q7-5r8s-9t0u-1v2w3x4y5z6a",
          "title": "Meditate on the garden's 'collective consciousness'",
          "completed": false
        }
      ],
      "created": "2023-01-01T00:00:01Z",
      "lastModified": "2023-08-04T08:15:30Z"
    },
    {
      "id": "5d6e7f8g-9h0i-1j2k-3l4m-5n6o7p8q9r0s",
      "title": "Prototype 'Generative System for Generating Generative Systems'",
      "description": "Begin work on a meta-level system that can create new generative systems, pushing the boundaries of creative AI.",
      "status": "pending",
      "priority": 5,
      "dueDate": "2023-12-31T23:59:59Z",
      "tags": ["AI", "creativity", "meta-systems"],
      "location": {
        "name": "Berkeley AI Research Lab",
        "coordinates": {
          "latitude": 37.8719,
          "longitude": -122.2585
        }
      },
      "reminderTime": "2023-12-01T09:00:00Z",
      "subtasks": [
        {
          "id": "m3n4o5p6-q7r8-6s9t-0u1v-2w3x4y5z6a7b",
          "title": "Study existing generative systems and their limitations",
          "completed": false
        },
        {
          "id": "n4o5p6q7-r8s9-7t0u-1v2w-3x4y5z6a7b8c",
          "title": "Develop theoretical framework for meta-generative systems",
          "completed": false
        },
        {
          "id": "o5p6q7r8-s9t0-8u1v-2w3x-4y5z6a7b8c9d",
          "title": "Create initial prototype using TensorFlow and PyTorch",
          "completed": false
        }
      ],
      "created": "2023-07-04T13:13:13Z",
      "lastModified": "2023-08-05T11:11:11Z"
    },
    {
      "id": "6e7f8g9h-0i1j-2k3l-4m5n-6o7p8q9r0s1t",
      "title": "Prepare for next 'cosmic sabbatical'",
      "description": "Plan the mysterious quadrennial disappearance, ensuring all projects and responsibilities are handled during the absence.",
      "status": "deferred",
      "priority": 1,
      "dueDate": "2024-02-29T00:00:00Z",
      "tags": ["personal", "mystery", "adventure"],
      "location": {
        "name": "Unknown",
        "coordinates": {
          "latitude": 0,
          "longitude": 0
        }
      },
      "reminderTime": "2024-02-01T09:00:00Z",
      "subtasks": [
        {
          "id": "p6q7r8s9-t0u1-9v2w-3x4y-5z6a7b8c9d0e",
          "title": "Create cryptic 'out of office' messages",
          "completed": false
        },
        {
          "id": "q7r8s9t0-u1v2-0w3x-4y5z-6a7b8c9d0e1f",
          "title": "Pack 'quantum entangled' luggage",
          "completed": false
        },
        {
          "id": "r8s9t0u1-v2w3-1x4y-5z6a-7b8c9d0e1f2g",
          "title": "Leave behind trail of paradoxical clues",
          "completed": false
        }
      ],
      "created": "2023-03-01T02:02:02Z",
      "lastModified": "2023-08-06T07:07:07Z"
    },
    {
      "id": "7f8g9h0i-1j2k-3l4m-5n6o-7p8q9r0s1t2u",
      "title": "Conduct 'meta-novelty search' experiment",
      "description": "Design and run an experiment to explore methods of discovering novel ways to discover novelty, pushing the boundaries of creative problem-solving.",
      "status": "in_progress",
      "priority": 4,
      "dueDate": "2023-11-11T23:59:59Z",
      "tags": ["research", "creativity", "meta-cognition"],
      "location": {
        "name": "Emergent Endeavors Lab",
        "coordinates": {
          "latitude": 37.8715,
          "longitude": -122.2730
        }
      },
      "reminderTime": "2023-11-01T10:00:00Z",
      "subtasks": [
        {
          "id": "s9t0u1v2-w3x4-2y5z-6a7b-8c9d0e1f2g3h",
          "title": "Review literature on novelty search algorithms",
          "completed": true
        },
        {
          "id": "t0u1v2w3-x4y5-3z6a-7b8c-9d0e1f2g3h4i",
          "title": "Design meta-level framework for novelty evaluation",
          "completed": false
        },
        {
          "id": "u1v2w3x4-y5z6-4a7b-8c9d-0e1f2g3h4i5j",
          "title": "Implement and test on various problem domains",
          "completed": false
        }
      ],
      "created": "2023-07-07T07:07:07Z",
      "lastModified": "2023-08-07T12:34:56Z"
    },
    {
      "id": "8g9h0i1j-2k3l-4m5n-6o7p-8q9r0s1t2u3v",
      "title": "Update 'Future Self' journal",
      "description": "Continue the thought experiment in non-linear time by writing entries from the perspective of a future self, with playful references to upcoming events.",
      "status": "recurring",
      "priority": 3,
      "dueDate": "2023-08-10T22:00:00Z",
      "tags": ["writing", "time", "self-reflection"],
      "location": {
        "name": "Piper's Wonderland Apartment",
        "coordinates": {
          "latitude": 37.8711,
          "longitude": -122.2727
        }
      },
      "reminderTime": "2023-08-10T20:00:00Z",
      "subtasks": [
        {
          "id": "v2w3x4y5-z6a7-5b8c-9d0e-1f2g3h4i5j6k",
          "title": "Reflect on 'past' events from 'future' perspective",
          "completed": false
        },
        {
          "id": "w3x4y5z6-a7b8-6c9d-0e1f-2g3h4i5j6k7l",
          "title": "Invent plausible future anecdotes and achievements",
          "completed": false
        },
        {
          "id": "x4y5z6a7-b8c9-7d0e-1f2g-3h4i5j6k7l8m",
          "title": "Integrate subtle hints for current self-improvement",
          "completed": false
        }
      ],
      "created": "2023-01-01T00:00:02Z",
      "lastModified": "2023-08-08T21:21:21Z"
    },
    {
      "id": "9h0i1j2k-3l4m-5n6o-7p8q-9r0s1t2u3v4w",
      "title": "Develop 'Paracosm Commons' framework",
      "description": "Create a system for a shared imaginary world governed by principles of collective creativity and emergent storytelling, inspired by Elinor Ostrom's work.",
      "status": "pending",
      "priority": 4,
      "dueDate": "2024-01-15T
